Sep 20 21:29:21 localhost NetworkManager[37821]: <info>  [1600637361.1589] manager: NetworkManager state is now CONNECTING
Sep 20 21:29:21 localhost NetworkManager[37821]: <info>  [1600637361.1593] device (ens33): state change: prepare -> config (reason 'none') [40 50 0]
Sep 20 21:29:21 localhost NetworkManager[37821]: <info>  [1600637361.1625] device (ens33): state change: config -> ip-config (reason 'none') [50 70 0]
Sep 20 21:29:21 localhost NetworkManager[37821]: <info>  [1600637361.1630] dhcp4 (ens33): activation: beginning transaction (timeout in 45 seconds)
Sep 20 21:29:21 localhost NetworkManager[37821]: <info>  [1600637361.1671] dhcp4 (ens33): dhclient started with pid 38225
Sep 20 21:29:21 localhost dhclient[38225]: DHCPDISCOVER on ens33 to 255.255.255.255 port 67 interval 3 (xid=0x15258a1f)
Sep 20 21:29:22 localhost systemd[1]: dev-disk-by\x2duuid-93f15e36\x2dae68\x2d43e7\x2d9951\x2daa471315d749.device: Job dev-disk-by\x2duuid-93f15e36\x2dae68\x2d43e7\x2d9951\x2daa471315d749.device/start timed out.
Sep 20 21:29:22 localhost systemd[1]: Timed out waiting for device dev-disk-by\x2duuid-93f15e36\x2dae68\x2d43e7\x2d9951\x2daa471315d749.device.
Sep 20 21:29:22 localhost systemd[1]: Dependency failed for /dev/disk/by-uuid/93f15e36-ae68-43e7-9951-aa471315d749.
Sep 20 21:29:22 localhost systemd[1]: dev-disk-by\x2duuid-93f15e36\x2dae68\x2d43e7\x2d9951\x2daa471315d749.swap: Job dev-disk-by\x2duuid-93f15e36\x2dae68\x2d43e7\x2d9951\x2daa471315d749.swap/start failed with result 'dependency'.
Sep 20 21:29:22 localhost systemd[1]: dev-disk-by\x2duuid-93f15e36\x2dae68\x2d43e7\x2d9951\x2daa471315d749.device: Job dev-disk-by\x2duuid-93f15e36\x2dae68\x2d43e7\x2d9951\x2daa471315d749.device/start failed with result 'timeout'.
Sep 20 21:29:22 localhost dhclient[38225]: DHCPREQUEST of 172.16.250.186 on ens33 to 255.255.255.255 port 67 (xid=0x1f8a2515)
Sep 20 21:29:22 localhost dhclient[38225]: DHCPOFFER of 172.16.250.186 from 172.16.250.254
Sep 20 21:29:22 localhost dhclient[38225]: DHCPACK of 172.16.250.186 from 172.16.250.254
Sep 20 21:29:22 localhost NetworkManager[37821]: <info>  [1600637362.2471]   address 172.16.250.186
Sep 20 21:29:22 localhost NetworkManager[37821]: <info>  [1600637362.2475]   plen 24 (255.255.255.0)
Sep 20 21:29:22 localhost NetworkManager[37821]: <info>  [1600637362.2478]   gateway 172.16.250.2
Sep 20 21:29:22 localhost NetworkManager[37821]: <info>  [1600637362.2482]   server identifier 172.16.250.254
Sep 20 21:29:22 localhost NetworkManager[37821]: <info>  [1600637362.2482]   lease time 1800
Sep 20 21:29:22 localhost NetworkManager[37821]: <info>  [1600637362.2483]   nameserver '172.16.250.2'
Sep 20 21:29:22 localhost NetworkManager[37821]: <info>  [1600637362.2483]   domain name 'localdomain'
Sep 20 21:29:22 localhost NetworkManager[37821]: <info>  [1600637362.2483]   wins '172.16.250.2'
Sep 20 21:29:22 localhost NetworkManager[37821]: <info>  [1600637362.2483] dhcp4 (ens33): state changed unknown -> bound
Sep 20 21:29:22 localhost avahi-daemon[1010]: Joining mDNS multicast group on interface ens33.IPv4 with address 172.16.250.186.
Sep 20 21:29:22 localhost NetworkManager[37821]: <info>  [1600637362.2529] device (ens33): state change: ip-config -> ip-check (reason 'none') [70 80 0]
Sep 20 21:29:22 localhost avahi-daemon[1010]: New relevant interface ens33.IPv4 for mDNS.
Sep 20 21:29:22 localhost avahi-daemon[1010]: Registering new address record for 172.16.250.186 on ens33.IPv4.
Sep 20 21:29:22 localhost NetworkManager[37821]: <info>  [1600637362.2627] device (ens33): state change: ip-check -> secondaries (reason 'none') [80 90 0]
Sep 20 21:29:22 localhost NetworkManager[37821]: <info>  [1600637362.2693] device (ens33): state change: secondaries -> activated (reason 'none') [90 100 0]
Sep 20 21:29:22 localhost NetworkManager[37821]: <info>  [1600637362.2698] manager: NetworkManager state is now CONNECTED_LOCAL
Sep 20 21:29:22 localhost NetworkManager[37821]: <info>  [1600637362.2831] manager: NetworkManager state is now CONNECTED_GLOBAL
Sep 20 21:29:22 localhost NetworkManager[37821]: <info>  [1600637362.2841] policy: set 'Wired connection 1' (ens33) as default for IPv4 routing and DNS
Sep 20 21:29:22 localhost dnsmasq[37838]: setting upstream servers from DBus
Sep 20 21:29:22 localhost dnsmasq[37838]: using nameserver 172.16.250.2#53(via ens33)
Sep 20 21:29:22 localhost NetworkManager[37821]: <info>  [1600637362.2898] dns-mgr: Writing DNS information to /sbin/resolvconf
Sep 20 21:29:22 localhost dhclient[38225]: bound to 172.16.250.186 -- renewal in 754 seconds.
Sep 20 21:29:22 localhost NetworkManager[37821]: <info>  [1600637362.4881] device (ens33): Activation: successful, device activated.
Sep 20 21:29:22 localhost nm-dispatcher: req:2 'up' [ens33]: new request (1 scripts)
Sep 20 21:29:22 localhost nm-dispatcher: req:2 'up' [ens33]: start running ordered scripts...
Sep 20 21:29:22 localhost gnome-session[2002]: (deja-dup-monitor:3042): GLib-CRITICAL **: Source ID 91 was not found when attempting to remove it
Sep 20 21:29:22 localhost avahi-daemon[1010]: Joining mDNS multicast group on interface ens33.IPv6 with address fe80::e8d7:4d64:80c:b5b.
Sep 20 21:29:22 localhost avahi-daemon[1010]: New relevant interface ens33.IPv6 for mDNS.
Sep 20 21:29:22 localhost avahi-daemon[1010]: Registering new address record for fe80::e8d7:4d64:80c:b5b on ens33.*.
Sep 20 21:29:22 localhost systemd[1]: Reloading OpenBSD Secure Shell server.
Sep 20 21:29:22 localhost nmbd[1532]: [2020/09/20 21:29:22.704525,  0] ../source3/libsmb/nmblib.c:873(send_udp)
Sep 20 21:29:22 localhost nmbd[1532]:   Packet send failed to 172.16.250.255(138) ERRNO=No child processes
Sep 20 21:29:22 localhost nmbd[1532]: [2020/09/20 21:29:22.705551,  0] ../source3/libsmb/nmblib.c:873(send_udp)
Sep 20 21:29:22 localhost nmbd[1532]:   Packet send failed to 172.16.250.255(138) ERRNO=Invalid argument
Sep 20 21:29:22 localhost systemd[1]: Reloaded OpenBSD Secure Shell server.
Sep 20 21:29:22 localhost systemd[1]: Reloading OpenBSD Secure Shell server.
Sep 20 21:29:22 localhost systemd[1]: Reloaded OpenBSD Secure Shell server.
Sep 20 21:29:23 localhost systemd[1]: Started Daily apt upgrade and clean activities.
Sep 20 21:29:30 localhost whoopsie[1333]: [21:29:30] The default IPv4 route is: /org/freedesktop/NetworkManager/ActiveConnection/2
Sep 20 21:29:30 localhost whoopsie[1333]: [21:29:30] Not a paid data plan: /org/freedesktop/NetworkManager/ActiveConnection/2
Sep 20 21:29:30 localhost whoopsie[1333]: [21:29:30] Found usable connection: /org/freedesktop/NetworkManager/ActiveConnection/2
Sep 20 21:29:30 localhost whoopsie[1333]: [21:29:30] online
Sep 20 21:29:40 localhost com.canonical.Unity.Scope.Applications[1798]: (unity-scope-loader:2791): unity-applications-daemon-CRITICAL **: UnityPackageInfo* unity_package_searcher_get_by_desktop_file(UnityPackageSearcher*, const gchar*): assertion 'searcher != NULL' failed
Sep 20 21:29:52 localhost systemd-timesyncd[775]: Synchronized to time server 91.189.94.4:123 (ntp.ubuntu.com).
Sep 20 21:35:08 localhost nmbd[1532]: [2020/09/20 21:35:08.087738,  0] ../source3/nmbd/nmbd_become_lmb.c:397(become_local_master_stage2)
Sep 20 21:35:08 localhost nmbd[1532]:   *****
Sep 20 21:35:08 localhost nmbd[1532]: 
Sep 20 21:35:08 localhost nmbd[1532]:   Samba name server SIFTWORKSTATION is now a local master browser for workgroup SANS on subnet 172.16.250.186
Sep 20 21:35:08 localhost nmbd[1532]: 
Sep 20 21:35:08 localhost nmbd[1532]:   *****
Sep 20 21:41:56 localhost dhclient[38225]: DHCPREQUEST of 172.16.250.186 on ens33 to 172.16.250.254 port 67 (xid=0x1f8a2515)
Sep 20 21:41:56 localhost dhclient[38225]: DHCPACK of 172.16.250.186 from 172.16.250.254
Sep 20 21:41:57 localhost NetworkManager[37821]: <info>  [1600638117.0012]   address 172.16.250.186
Sep 20 21:41:57 localhost NetworkManager[37821]: <info>  [1600638117.0016]   plen 24 (255.255.255.0)
Sep 20 21:41:57 localhost NetworkManager[37821]: <info>  [1600638117.0022]   gateway 172.16.250.2
Sep 20 21:41:57 localhost NetworkManager[37821]: <info>  [1600638117.0026]   server identifier 172.16.250.254
Sep 20 21:41:57 localhost NetworkManager[37821]: <info>  [1600638117.0028]   lease time 1800
Sep 20 21:41:57 localhost NetworkManager[37821]: <info>  [1600638117.0030]   nameserver '172.16.250.2'
Sep 20 21:41:57 localhost NetworkManager[37821]: <info>  [1600638117.0032]   domain name 'localdomain'
Sep 20 21:41:57 localhost NetworkManager[37821]: <info>  [1600638117.0035]   wins '172.16.250.2'
Sep 20 21:41:57 localhost NetworkManager[37821]: <info>  [1600638117.0036] dhcp4 (ens33): state changed bound -> bound
Sep 20 21:41:57 localhost dbus[1045]: [system] Activating via systemd: service name='org.freedesktop.nm_dispatcher' unit='dbus-org.freedesktop.nm-dispatcher.service'
Sep 20 21:41:57 localhost dhclient[38225]: bound to 172.16.250.186 -- renewal in 722 seconds.
Sep 20 21:41:57 localhost systemd[1]: Starting Network Manager Script Dispatcher Service...
Sep 20 21:41:57 localhost dbus[1045]: [system] Successfully activated service 'org.freedesktop.nm_dispatcher'
Sep 20 21:41:57 localhost systemd[1]: Started Network Manager Script Dispatcher Service.
Sep 20 21:41:57 localhost nm-dispatcher: req:1 'dhcp4-change' [ens33]: new request (1 scripts)
Sep 20 21:41:57 localhost nm-dispatcher: req:1 'dhcp4-change' [ens33]: start running ordered scripts...
Sep 20 21:43:27 localhost systemd[1]: dev-disk-by\x2duuid-93f15e36\x2dae68\x2d43e7\x2d9951\x2daa471315d749.device: Job dev-disk-by\x2duuid-93f15e36\x2dae68\x2d43e7\x2d9951\x2daa471315d749.device/start timed out.
Sep 20 21:43:27 localhost systemd[1]: Timed out waiting for device dev-disk-by\x2duuid-93f15e36\x2dae68\x2d43e7\x2d9951\x2daa471315d749.device.
Sep 20 21:43:27 localhost systemd[1]: Dependency failed for /dev/disk/by-uuid/93f15e36-ae68-43e7-9951-aa471315d749.
Sep 20 21:43:27 localhost systemd[1]: dev-disk-by\x2duuid-93f15e36\x2dae68\x2d43e7\x2d9951\x2daa471315d749.swap: Job dev-disk-by\x2duuid-93f15e36\x2dae68\x2d43e7\x2d9951\x2daa471315d749.swap/start failed with result 'dependency'.
Sep 20 21:43:27 localhost systemd[1]: dev-disk-by\x2duuid-93f15e36\x2dae68\x2d43e7\x2d9951\x2daa471315d749.device: Job dev-disk-by\x2duuid-93f15e36\x2dae68\x2d43e7\x2d9951\x2daa471315d749.device/start failed with result 'timeout'.
Sep 20 21:53:59 localhost dhclient[38225]: DHCPREQUEST of 172.16.250.186 on ens33 to 172.16.250.254 port 67 (xid=0x1f8a2515)
Sep 20 21:53:59 localhost dhclient[38225]: DHCPACK of 172.16.250.186 from 172.16.250.254
Sep 20 21:53:59 localhost NetworkManager[37821]: <info>  [1600638839.3434]   address 172.16.250.186
Sep 20 21:53:59 localhost NetworkManager[37821]: <info>  [1600638839.3439]   plen 24 (255.255.255.0)
Sep 20 21:53:59 localhost NetworkManager[37821]: <info>  [1600638839.3439]   gateway 172.16.250.2
Sep 20 21:53:59 localhost NetworkManager[37821]: <info>  [1600638839.3439]   server identifier 172.16.250.254
Sep 20 21:53:59 localhost NetworkManager[37821]: <info>  [1600638839.3439]   lease time 1800
Sep 20 21:53:59 localhost NetworkManager[37821]: <info>  [1600638839.3439]   nameserver '172.16.250.2'
Sep 20 21:53:59 localhost NetworkManager[37821]: <info>  [1600638839.3439]   domain name 'localdomain'
Sep 20 21:53:59 localhost NetworkManager[37821]: <info>  [1600638839.3440]   wins '172.16.250.2'
Sep 20 21:53:59 localhost NetworkManager[37821]: <info>  [1600638839.3440] dhcp4 (ens33): state changed bound -> bound
Sep 20 21:53:59 localhost dbus[1045]: [system] Activating via systemd: service name='org.freedesktop.nm_dispatcher' unit='dbus-org.freedesktop.nm-dispatcher.service'
Sep 20 21:53:59 localhost dhclient[38225]: bound to 172.16.250.186 -- renewal in 741 seconds.
Sep 20 21:53:59 localhost systemd[1]: Starting Network Manager Script Dispatcher Service...
Sep 20 21:53:59 localhost dbus[1045]: [system] Successfully activated service 'org.freedesktop.nm_dispatcher'
Sep 20 21:53:59 localhost systemd[1]: Started Network Manager Script Dispatcher Service.
Sep 20 21:53:59 localhost nm-dispatcher: req:1 'dhcp4-change' [ens33]: new request (1 scripts)
Sep 20 21:53:59 localhost nm-dispatcher: req:1 'dhcp4-change' [ens33]: start running ordered scripts...
Sep 20 21:55:29 localhost systemd[1]: dev-disk-by\x2duuid-93f15e36\x2dae68\x2d43e7\x2d9951\x2daa471315d749.device: Job dev-disk-by\x2duuid-93f15e36\x2dae68\x2d43e7\x2d9951\x2daa471315d749.device/start timed out.
Sep 20 21:55:29 localhost systemd[1]: Timed out waiting for device dev-disk-by\x2duuid-93f15e36\x2dae68\x2d43e7\x2d9951\x2daa471315d749.device.
Sep 20 21:55:29 localhost systemd[1]: Dependency failed for /dev/disk/by-uuid/93f15e36-ae68-43e7-9951-aa471315d749.
Sep 20 21:55:29 localhost systemd[1]: dev-disk-by\x2duuid-93f15e36\x2dae68\x2d43e7\x2d9951\x2daa471315d749.swap: Job dev-disk-by\x2duuid-93f15e36\x2dae68\x2d43e7\x2d9951\x2daa471315d749.swap/start failed with result 'dependency'.
Sep 20 21:55:29 localhost systemd[1]: dev-disk-by\x2duuid-93f15e36\x2dae68\x2d43e7\x2d9951\x2daa471315d749.device: Job dev-disk-by\x2duuid-93f15e36\x2dae68\x2d43e7\x2d9951\x2daa471315d749.device/start failed with result 'timeout'.
Sep 20 21:59:09 localhost freshclam[1023]: Sun Sep 20 21:59:09 2020 -> Received signal: wake up
Sep 20 21:59:09 localhost freshclam[1023]: Sun Sep 20 21:59:09 2020 -> ClamAV update process started at Sun Sep 20 21:59:09 2020
Sep 20 21:59:09 localhost freshclam[1023]: Sun Sep 20 21:59:09 2020 -> main.cld is up to date (version: 59, sigs: 4564902, f-level: 60, builder: sigmgr)
Sep 20 21:59:13 localhost freshclam[1023]: Sun Sep 20 21:59:13 2020 -> Downloading daily-25932.cdiff [100%]
Sep 20 21:59:13 localhost freshclam[1023]: Sun Sep 20 21:59:13 2020 -> Downloading daily-25933.cdiff [100%]
Sep 20 21:59:48 localhost freshclam[1023]: Sun Sep 20 21:59:48 2020 -> daily.cld updated (version: 25933, sigs: 4320351, f-level: 63, builder: raynman)
Sep 20 22:00:28 localhost freshclam[1023]: Sun Sep 20 22:00:28 2020 -> *Can't query daily.25933.93.1.0.6810DA54.ping.clamav.net
Sep 20 22:00:28 localhost freshclam[1023]: Sun Sep 20 22:00:28 2020 -> bytecode.cld is up to date (version: 331, sigs: 94, f-level: 63, builder: anvilleg)
Sep 20 22:00:35 localhost freshclam[1023]: Sun Sep 20 22:00:35 2020 -> Database updated (8885347 signatures) from db.local.clamav.net (IP: 104.16.218.84)
Sep 20 22:00:35 localhost freshclam[1023]: Sun Sep 20 22:00:35 2020 -> !NotifyClamd: Can't find or parse configuration file /etc/clamav/clamd.conf
Sep 20 22:06:20 localhost dhclient[38225]: DHCPREQUEST of 172.16.250.186 on ens33 to 172.16.250.254 port 67 (xid=0x1f8a2515)
Sep 20 22:06:20 localhost dhclient[38225]: DHCPACK of 172.16.250.186 from 172.16.250.254
Sep 20 22:06:20 localhost NetworkManager[37821]: <info>  [1600639580.4111]   address 172.16.250.186
Sep 20 22:06:20 localhost NetworkManager[37821]: <info>  [1600639580.4125]   plen 24 (255.255.255.0)
Sep 20 22:06:20 localhost NetworkManager[37821]: <info>  [1600639580.4125]   gateway 172.16.250.2
Sep 20 22:06:20 localhost NetworkManager[37821]: <info>  [1600639580.4125]   server identifier 172.16.250.254
Sep 20 22:06:20 localhost NetworkManager[37821]: <info>  [1600639580.4125]   lease time 1800
Sep 20 22:06:20 localhost NetworkManager[37821]: <info>  [1600639580.4125]   nameserver '172.16.250.2'
Sep 20 22:06:20 localhost NetworkManager[37821]: <info>  [1600639580.4126]   domain name 'localdomain'
Sep 20 22:06:20 localhost NetworkManager[37821]: <info>  [1600639580.4126]   wins '172.16.250.2'
Sep 20 22:06:20 localhost NetworkManager[37821]: <info>  [1600639580.4150] dhcp4 (ens33): state changed bound -> bound
Sep 20 22:06:20 localhost dbus[1045]: [system] Activating via systemd: service name='org.freedesktop.nm_dispatcher' unit='dbus-org.freedesktop.nm-dispatcher.service'
Sep 20 22:06:20 localhost dhclient[38225]: bound to 172.16.250.186 -- renewal in 807 seconds.
Sep 20 22:06:20 localhost systemd[1]: Starting Network Manager Script Dispatcher Service...
Sep 20 22:06:20 localhost dbus[1045]: [system] Successfully activated service 'org.freedesktop.nm_dispatcher'
Sep 20 22:06:20 localhost systemd[1]: Started Network Manager Script Dispatcher Service.
Sep 20 22:06:20 localhost nm-dispatcher: req:1 'dhcp4-change' [ens33]: new request (1 scripts)
Sep 20 22:06:20 localhost nm-dispatcher: req:1 'dhcp4-change' [ens33]: start running ordered scripts...
Sep 20 22:07:50 localhost systemd[1]: dev-disk-by\x2duuid-93f15e36\x2dae68\x2d43e7\x2d9951\x2daa471315d749.device: Job dev-disk-by\x2duuid-93f15e36\x2dae68\x2d43e7\x2d9951\x2daa471315d749.device/start timed out.
Sep 20 22:07:50 localhost systemd[1]: Timed out waiting for device dev-disk-by\x2duuid-93f15e36\x2dae68\x2d43e7\x2d9951\x2daa471315d749.device.
Sep 20 22:07:50 localhost systemd[1]: Dependency failed for /dev/disk/by-uuid/93f15e36-ae68-43e7-9951-aa471315d749.
Sep 20 22:07:50 localhost systemd[1]: dev-disk-by\x2duuid-93f15e36\x2dae68\x2d43e7\x2d9951\x2daa471315d749.swap: Job dev-disk-by\x2duuid-93f15e36\x2dae68\x2d43e7\x2d9951\x2daa471315d749.swap/start failed with result 'dependency'.
Sep 20 22:07:50 localhost systemd[1]: dev-disk-by\x2duuid-93f15e36\x2dae68\x2d43e7\x2d9951\x2daa471315d749.device: Job dev-disk-by\x2duuid-93f15e36\x2dae68\x2d43e7\x2d9951\x2daa471315d749.device/start failed with result 'timeout'.
Sep 20 22:17:01 localhost CRON[38931]: (root) CMD (   cd / && run-parts --report /etc/cron.hourly)
Sep 20 22:19:47 localhost dhclient[38225]: DHCPREQUEST of 172.16.250.186 on ens33 to 172.16.250.254 port 67 (xid=0x1f8a2515)
Sep 20 22:19:47 localhost dhclient[38225]: DHCPACK of 172.16.250.186 from 172.16.250.254
Sep 20 22:19:47 localhost NetworkManager[37821]: <info>  [1600640387.7999]   address 172.16.250.186
Sep 20 22:19:47 localhost NetworkManager[37821]: <info>  [1600640387.8002]   plen 24 (255.255.255.0)
Sep 20 22:19:47 localhost NetworkManager[37821]: <info>  [1600640387.8004]   gateway 172.16.250.2
Sep 20 22:19:47 localhost NetworkManager[37821]: <info>  [1600640387.8005]   server identifier 172.16.250.254
Sep 20 22:19:47 localhost NetworkManager[37821]: <info>  [1600640387.8007]   lease time 1800
Sep 20 22:19:47 localhost NetworkManager[37821]: <info>  [1600640387.8010]   nameserver '172.16.250.2'
Sep 20 22:19:47 localhost NetworkManager[37821]: <info>  [1600640387.8012]   domain name 'localdomain'
Sep 20 22:19:47 localhost NetworkManager[37821]: <info>  [1600640387.8014]   wins '172.16.250.2'
Sep 20 22:19:47 localhost NetworkManager[37821]: <info>  [1600640387.8018] dhcp4 (ens33): state changed bound -> bound
Sep 20 22:19:47 localhost dbus[1045]: [system] Activating via systemd: service name='org.freedesktop.nm_dispatcher' unit='dbus-org.freedesktop.nm-dispatcher.service'
Sep 20 22:19:47 localhost dhclient[38225]: bound to 172.16.250.186 -- renewal in 888 seconds.
Sep 20 22:19:47 localhost systemd[1]: Starting Network Manager Script Dispatcher Service...
Sep 20 22:19:47 localhost dbus[1045]: [system] Successfully activated service 'org.freedesktop.nm_dispatcher'
Sep 20 22:19:47 localhost systemd[1]: Started Network Manager Script Dispatcher Service.
Sep 20 22:19:47 localhost nm-dispatcher: req:1 'dhcp4-change' [ens33]: new request (1 scripts)
Sep 20 22:19:47 localhost nm-dispatcher: req:1 'dhcp4-change' [ens33]: start running ordered scripts...
Sep 20 22:21:18 localhost systemd[1]: dev-disk-by\x2duuid-93f15e36\x2dae68\x2d43e7\x2d9951\x2daa471315d749.device: Job dev-disk-by\x2duuid-93f15e36\x2dae68\x2d43e7\x2d9951\x2daa471315d749.device/start timed out.
Sep 20 22:21:18 localhost systemd[1]: Timed out waiting for device dev-disk-by\x2duuid-93f15e36\x2dae68\x2d43e7\x2d9951\x2daa471315d749.device.
Sep 20 22:21:18 localhost systemd[1]: Dependency failed for /dev/disk/by-uuid/93f15e36-ae68-43e7-9951-aa471315d749.
Sep 20 22:21:18 localhost systemd[1]: dev-disk-by\x2duuid-93f15e36\x2dae68\x2d43e7\x2d9951\x2daa471315d749.swap: Job dev-disk-by\x2duuid-93f15e36\x2dae68\x2d43e7\x2d9951\x2daa471315d749.swap/start failed with result 'dependency'.
Sep 20 22:21:18 localhost systemd[1]: dev-disk-by\x2duuid-93f15e36\x2dae68\x2d43e7\x2d9951\x2daa471315d749.device: Job dev-disk-by\x2duuid-93f15e36\x2dae68\x2d43e7\x2d9951\x2daa471315d749.device/start failed with result 'timeout'.
Sep 20 22:34:35 localhost dhclient[38225]: DHCPREQUEST of 172.16.250.186 on ens33 to 172.16.250.254 port 67 (xid=0x1f8a2515)
Sep 20 22:34:35 localhost dhclient[38225]: DHCPACK of 172.16.250.186 from 172.16.250.254
Sep 20 22:34:35 localhost NetworkManager[37821]: <info>  [1600641275.5409]   address 172.16.250.186
Sep 20 22:34:35 localhost NetworkManager[37821]: <info>  [1600641275.5413]   plen 24 (255.255.255.0)
Sep 20 22:34:35 localhost NetworkManager[37821]: <info>  [1600641275.5416]   gateway 172.16.250.2
Sep 20 22:34:35 localhost NetworkManager[37821]: <info>  [1600641275.5418]   server identifier 172.16.250.254
Sep 20 22:34:35 localhost NetworkManager[37821]: <info>  [1600641275.5420]   lease time 1800
Sep 20 22:34:35 localhost NetworkManager[37821]: <info>  [1600641275.5423]   nameserver '172.16.250.2'
Sep 20 22:34:35 localhost NetworkManager[37821]: <info>  [1600641275.5425]   domain name 'localdomain'
Sep 20 22:34:35 localhost NetworkManager[37821]: <info>  [1600641275.5427]   wins '172.16.250.2'
Sep 20 22:34:35 localhost NetworkManager[37821]: <info>  [1600641275.5429] dhcp4 (ens33): state changed bound -> bound
Sep 20 22:34:35 localhost dbus[1045]: [system] Activating via systemd: service name='org.freedesktop.nm_dispatcher' unit='dbus-org.freedesktop.nm-dispatcher.service'
Sep 20 22:34:35 localhost dhclient[38225]: bound to 172.16.250.186 -- renewal in 806 seconds.
Sep 20 22:34:35 localhost systemd[1]: Starting Network Manager Script Dispatcher Service...
Sep 20 22:34:35 localhost dbus[1045]: [system] Successfully activated service 'org.freedesktop.nm_dispatcher'
Sep 20 22:34:35 localhost nm-dispatcher: req:1 'dhcp4-change' [ens33]: new request (1 scripts)
Sep 20 22:34:35 localhost nm-dispatcher: req:1 'dhcp4-change' [ens33]: start running ordered scripts...
Sep 20 22:34:35 localhost systemd[1]: Started Network Manager Script Dispatcher Service.
Sep 20 22:36:05 localhost systemd[1]: dev-disk-by\x2duuid-93f15e36\x2dae68\x2d43e7\x2d9951\x2daa471315d749.device: Job dev-disk-by\x2duuid-93f15e36\x2dae68\x2d43e7\x2d9951\x2daa471315d749.device/start timed out.
Sep 20 22:36:05 localhost systemd[1]: Timed out waiting for device dev-disk-by\x2duuid-93f15e36\x2dae68\x2d43e7\x2d9951\x2daa471315d749.device.
Sep 20 22:36:05 localhost systemd[1]: Dependency failed for /dev/disk/by-uuid/93f15e36-ae68-43e7-9951-aa471315d749.
Sep 20 22:36:05 localhost systemd[1]: dev-disk-by\x2duuid-93f15e36\x2dae68\x2d43e7\x2d9951\x2daa471315d749.swap: Job dev-disk-by\x2duuid-93f15e36\x2dae68\x2d43e7\x2d9951\x2daa471315d749.swap/start failed with result 'dependency'.
Sep 20 22:36:05 localhost systemd[1]: dev-disk-by\x2duuid-93f15e36\x2dae68\x2d43e7\x2d9951\x2daa471315d749.device: Job dev-disk-by\x2duuid-93f15e36\x2dae68\x2d43e7\x2d9951\x2daa471315d749.device/start failed with result 'timeout'.
Sep 20 22:48:01 localhost dhclient[38225]: DHCPREQUEST of 172.16.250.186 on ens33 to 172.16.250.254 port 67 (xid=0x1f8a2515)
Sep 20 22:48:01 localhost dhclient[38225]: DHCPACK of 172.16.250.186 from 172.16.250.254
Sep 20 22:48:01 localhost NetworkManager[37821]: <info>  [1600642081.5669]   address 172.16.250.186
Sep 20 22:48:01 localhost NetworkManager[37821]: <info>  [1600642081.5669]   plen 24 (255.255.255.0)
Sep 20 22:48:01 localhost NetworkManager[37821]: <info>  [1600642081.5670]   gateway 172.16.250.2
Sep 20 22:48:01 localhost NetworkManager[37821]: <info>  [1600642081.5670]   server identifier 172.16.250.254
Sep 20 22:48:01 localhost NetworkManager[37821]: <info>  [1600642081.5670]   lease time 1800
Sep 20 22:48:01 localhost NetworkManager[37821]: <info>  [1600642081.5670]   nameserver '172.16.250.2'
Sep 20 22:48:01 localhost NetworkManager[37821]: <info>  [1600642081.5670]   domain name 'localdomain'
Sep 20 22:48:01 localhost NetworkManager[37821]: <info>  [1600642081.5670]   wins '172.16.250.2'
Sep 20 22:48:01 localhost NetworkManager[37821]: <info>  [1600642081.5671] dhcp4 (ens33): state changed bound -> bound
Sep 20 22:48:01 localhost dbus[1045]: [system] Activating via systemd: service name='org.freedesktop.nm_dispatcher' unit='dbus-org.freedesktop.nm-dispatcher.service'
Sep 20 22:48:01 localhost dhclient[38225]: bound to 172.16.250.186 -- renewal in 835 seconds.
Sep 20 22:48:01 localhost systemd[1]: Starting Network Manager Script Dispatcher Service...
Sep 20 22:48:01 localhost dbus[1045]: [system] Successfully activated service 'org.freedesktop.nm_dispatcher'
Sep 20 22:48:01 localhost systemd[1]: Started Network Manager Script Dispatcher Service.
Sep 20 22:48:01 localhost nm-dispatcher: req:1 'dhcp4-change' [ens33]: new request (1 scripts)
Sep 20 22:48:01 localhost nm-dispatcher: req:1 'dhcp4-change' [ens33]: start running ordered scripts...
Sep 20 22:48:36 localhost NetworkManager[37821]: <info>  [1600642116.8432] manager: disable requested (sleeping: no  enabled: yes)
Sep 20 22:48:36 localhost NetworkManager[37821]: <info>  [1600642116.8433] manager: disabling...
Sep 20 22:48:36 localhost NetworkManager[37821]: <info>  [1600642116.8435] manager: NetworkManager state is now ASLEEP
Sep 20 22:48:36 localhost NetworkManager[37821]: <info>  [1600642116.8438] audit: op="networking-control" arg="off" pid=39185 uid=0 result="success"
Sep 20 22:48:36 localhost NetworkManager[37821]: <info>  [1600642116.8439] device (ens33): state change: activated -> deactivating (reason 'sleeping') [100 110 37]
Sep 20 22:48:36 localhost NetworkManager[37821]: <info>  [1600642116.8487] device (ens33): state change: deactivating -> disconnected (reason 'sleeping') [110 30 37]
Sep 20 22:48:36 localhost whoopsie[1333]: [22:48:36] offline
Sep 20 22:48:37 localhost gnome-session[2002]: (deja-dup-monitor:3042): GLib-CRITICAL **: Source ID 121 was not found when attempting to remove it
Sep 27 01:53:11 localhost avahi-daemon[1010]: Withdrawing address record for fe80::e8d7:4d64:80c:b5b on ens33.
Sep 27 01:53:11 localhost systemd[1561]: Time has been changed
Sep 27 01:53:11 localhost avahi-daemon[1010]: Leaving mDNS multicast group on interface ens33.IPv6 with address fe80::e8d7:4d64:80c:b5b.
Sep 27 01:53:11 localhost systemd[1]: Time has been changed
Sep 27 01:53:11 localhost avahi-daemon[1010]: Interface ens33.IPv6 no longer relevant for mDNS.
Sep 27 01:53:11 localhost NetworkManager[37821]: <info>  [1601171591.6316] dhcp4 (ens33): canceled DHCP transaction, DHCP client pid 38225
Sep 27 01:53:11 localhost NetworkManager[37821]: <info>  [1601171591.6622] dhcp4 (ens33): state changed bound -> done
Sep 27 01:53:11 localhost avahi-daemon[1010]: Withdrawing address record for 172.16.250.186 on ens33.
Sep 27 01:53:11 localhost avahi-daemon[1010]: Leaving mDNS multicast group on interface ens33.IPv4 with address 172.16.250.186.
Sep 27 01:53:11 localhost avahi-daemon[1010]: Interface ens33.IPv4 no longer relevant for mDNS.
Sep 27 01:53:11 localhost NetworkManager[37821]: <info>  [1601171591.7431] dns-mgr: Writing DNS information to /sbin/resolvconf
Sep 27 01:53:11 localhost dnsmasq[37838]: setting upstream servers from DBus
Sep 27 01:53:12 localhost dbus[1045]: [system] Activating via systemd: service name='org.freedesktop.nm_dispatcher' unit='dbus-org.freedesktop.nm-dispatcher.service'
Sep 27 01:53:12 localhost NetworkManager[37821]: <info>  [1601171592.3673] device (ens33): state change: disconnected -> unmanaged (reason 'sleeping') [30 10 37]
Sep 27 01:53:12 localhost systemd[1]: Starting Network Manager Script Dispatcher Service...
Sep 27 01:53:12 localhost NetworkManager[37821]: <info>  [1601171592.4739] device (ens33): link disconnected
Sep 27 01:53:12 localhost kernel: [10574.121074] IPv6: ADDRCONF(NETDEV_UP): ens33: link is not ready
Sep 27 01:53:12 localhost NetworkManager[37821]: <info>  [1601171592.4814] manager: enable requested (sleeping: no  enabled: no)
Sep 27 01:53:12 localhost NetworkManager[37821]: <info>  [1601171592.4815] manager: re-enabling...
Sep 27 01:53:12 localhost NetworkManager[37821]: <info>  [1601171592.4816] device (ens33): state change: unmanaged -> unavailable (reason 'managed') [10 20 2]
Sep 27 01:53:12 localhost dbus[1045]: [system] Successfully activated service 'org.freedesktop.nm_dispatcher'
Sep 27 01:53:12 localhost systemd[1]: Started Network Manager Script Dispatcher Service.
Sep 27 01:53:12 localhost nm-dispatcher: req:1 'down' [ens33]: new request (1 scripts)
Sep 27 01:53:12 localhost nm-dispatcher: req:1 'down' [ens33]: start running ordered scripts...
Sep 27 01:53:12 localhost kernel: [10574.132668] e1000: ens33 NIC Link is Up 1000 Mbps Full Duplex, Flow Control: None
Sep 27 01:53:12 localhost kernel: [10574.137005] IPv6: ADDRCONF(NETDEV_UP): ens33: link is not ready
Sep 27 01:53:12 localhost kernel: [10574.137241] IPv6: ADDRCONF(NETDEV_CHANGE): ens33: link becomes ready
Sep 27 01:53:12 localhost NetworkManager[37821]: <info>  [1601171592.5062] device (ens33): link connected
Sep 27 01:53:12 localhost NetworkManager[37821]: <info>  [1601171592.5089] manager: NetworkManager state is now CONNECTED_LOCAL
Sep 27 01:53:12 localhost NetworkManager[37821]: <info>  [1601171592.5093] audit: op="networking-control" arg="on" pid=39240 uid=0 result="success"
Sep 27 01:53:12 localhost NetworkManager[37821]: <info>  [1601171592.5111] device (ens33): state change: unavailable -> disconnected (reason 'none') [20 30 0]
Sep 27 01:53:12 localhost gnome-session[2002]: (deja-dup-monitor:3042): GLib-CRITICAL **: Source ID 121 was not found when attempting to remove it
Sep 27 01:53:12 localhost NetworkManager[37821]: <info>  [1601171592.5247] policy: auto-activating connection 'Wired connection 1'
Sep 27 01:53:12 localhost NetworkManager[37821]: <info>  [1601171592.5259] device (ens33): Activation: starting connection 'Wired connection 1' (da835b15-24ce-3851-8d10-6dd226c0e8fc)
Sep 27 01:53:12 localhost NetworkManager[37821]: <info>  [1601171592.5289] device (ens33): state change: disconnected -> prepare (reason 'none') [30 40 0]
Sep 27 01:53:12 localhost NetworkManager[37821]: <info>  [1601171592.5299] manager: NetworkManager state is now CONNECTING
Sep 27 01:53:12 localhost NetworkManager[37821]: <info>  [1601171592.5374] device (ens33): state change: prepare -> config (reason 'none') [40 50 0]
Sep 27 01:53:12 localhost NetworkManager[37821]: <info>  [1601171592.5683] device (ens33): state change: config -> ip-config (reason 'none') [50 70 0]
Sep 27 01:53:12 localhost NetworkManager[37821]: <info>  [1601171592.5888] dhcp4 (ens33): activation: beginning transaction (timeout in 45 seconds)
Sep 27 01:53:12 localhost NetworkManager[37821]: <info>  [1601171592.6065] dhcp4 (ens33): dhclient started with pid 39285
Sep 27 01:53:12 localhost dhclient[39285]: DHCPDISCOVER on ens33 to 255.255.255.255 port 67 interval 3 (xid=0x9f524a57)
Sep 27 01:53:13 localhost dhclient[39285]: DHCPREQUEST of 172.16.250.186 on ens33 to 255.255.255.255 port 67 (xid=0x574a529f)
Sep 27 01:53:13 localhost dhclient[39285]: DHCPOFFER of 172.16.250.186 from 172.16.250.254
Sep 27 01:53:13 localhost dhclient[39285]: DHCPACK of 172.16.250.186 from 172.16.250.254
Sep 27 01:53:13 localhost NetworkManager[37821]: <info>  [1601171593.7327]   address 172.16.250.186
Sep 27 01:53:13 localhost NetworkManager[37821]: <info>  [1601171593.7328]   plen 24 (255.255.255.0)
Sep 27 01:53:13 localhost NetworkManager[37821]: <info>  [1601171593.7328]   gateway 172.16.250.2
Sep 27 01:53:13 localhost NetworkManager[37821]: <info>  [1601171593.7328]   server identifier 172.16.250.254
Sep 27 01:53:13 localhost NetworkManager[37821]: <info>  [1601171593.7328]   lease time 1800
Sep 27 01:53:13 localhost NetworkManager[37821]: <info>  [1601171593.7328]   nameserver '172.16.250.2'
Sep 27 01:53:13 localhost avahi-daemon[1010]: Joining mDNS multicast group on interface ens33.IPv4 with address 172.16.250.186.
Sep 27 01:53:13 localhost NetworkManager[37821]: <info>  [1601171593.7329]   domain name 'localdomain'
Sep 27 01:53:13 localhost NetworkManager[37821]: <info>  [1601171593.7329]   wins '172.16.250.2'
Sep 27 01:53:13 localhost NetworkManager[37821]: <info>  [1601171593.7329] dhcp4 (ens33): state changed unknown -> bound
Sep 27 01:53:13 localhost avahi-daemon[1010]: New relevant interface ens33.IPv4 for mDNS.
Sep 27 01:53:13 localhost avahi-daemon[1010]: Registering new address record for 172.16.250.186 on ens33.IPv4.
Sep 27 01:53:13 localhost NetworkManager[37821]: <info>  [1601171593.7449] device (ens33): state change: ip-config -> ip-check (reason 'none') [70 80 0]
Sep 27 01:53:13 localhost NetworkManager[37821]: <info>  [1601171593.7474] device (ens33): state change: ip-check -> secondaries (reason 'none') [80 90 0]
Sep 27 01:53:13 localhost NetworkManager[37821]: <info>  [1601171593.7491] device (ens33): state change: secondaries -> activated (reason 'none') [90 100 0]
Sep 27 01:53:13 localhost NetworkManager[37821]: <info>  [1601171593.7576] manager: NetworkManager state is now CONNECTED_LOCAL
Sep 27 01:53:13 localhost NetworkManager[37821]: <info>  [1601171593.7613] manager: NetworkManager state is now CONNECTED_GLOBAL
Sep 27 01:53:13 localhost NetworkManager[37821]: <info>  [1601171593.7618] policy: set 'Wired connection 1' (ens33) as default for IPv4 routing and DNS
Sep 27 01:53:13 localhost dhclient[39285]: bound to 172.16.250.186 -- renewal in 849 seconds.
Sep 27 01:53:13 localhost NetworkManager[37821]: <info>  [1601171593.7661] dns-mgr: Writing DNS information to /sbin/resolvconf
Sep 27 01:53:13 localhost dnsmasq[37838]: setting upstream servers from DBus
Sep 27 01:53:13 localhost dnsmasq[37838]: using nameserver 172.16.250.2#53(via ens33)
Sep 27 01:53:13 localhost avahi-daemon[1010]: Joining mDNS multicast group on interface ens33.IPv6 with address fe80::e8d7:4d64:80c:b5b.
Sep 27 01:53:13 localhost avahi-daemon[1010]: New relevant interface ens33.IPv6 for mDNS.
Sep 27 01:53:13 localhost avahi-daemon[1010]: Registering new address record for fe80::e8d7:4d64:80c:b5b on ens33.*.
Sep 27 01:53:14 localhost NetworkManager[37821]: <info>  [1601171594.0597] device (ens33): Activation: successful, device activated.
Sep 27 01:53:14 localhost nm-dispatcher: req:2 'up' [ens33]: new request (1 scripts)
Sep 27 01:53:14 localhost nm-dispatcher: req:2 'up' [ens33]: start running ordered scripts...
Sep 27 01:53:14 localhost gnome-session[2002]: (deja-dup-monitor:3042): GLib-CRITICAL **: Source ID 158 was not found when attempting to remove it
Sep 27 01:53:14 localhost systemd[1]: Reloading OpenBSD Secure Shell server.
Sep 27 01:53:14 localhost systemd[1]: Reloaded OpenBSD Secure Shell server.
Sep 27 01:53:14 localhost systemd[1]: Reloading OpenBSD Secure Shell server.
Sep 27 01:53:14 localhost systemd[1]: Reloaded OpenBSD Secure Shell server.
Sep 27 01:53:16 localhost whoopsie[1333]: [01:53:16] The default IPv4 route is: /org/freedesktop/NetworkManager/ActiveConnection/3
Sep 27 01:53:16 localhost whoopsie[1333]: [01:53:16] Not a paid data plan: /org/freedesktop/NetworkManager/ActiveConnection/3
Sep 27 01:53:16 localhost whoopsie[1333]: [01:53:16] Found usable connection: /org/freedesktop/NetworkManager/ActiveConnection/3
Sep 27 01:53:16 localhost whoopsie[1333]: [01:53:16] online
Sep 27 01:54:06 localhost systemd[1]: dev-disk-by\x2duuid-93f15e36\x2dae68\x2d43e7\x2d9951\x2daa471315d749.device: Job dev-disk-by\x2duuid-93f15e36\x2dae68\x2d43e7\x2d9951\x2daa471315d749.device/start timed out.
Sep 27 01:54:06 localhost systemd[1]: Timed out waiting for device dev-disk-by\x2duuid-93f15e36\x2dae68\x2d43e7\x2d9951\x2daa471315d749.device.
Sep 27 01:54:06 localhost systemd[1]: Dependency failed for /dev/disk/by-uuid/93f15e36-ae68-43e7-9951-aa471315d749.
Sep 27 01:54:06 localhost systemd[1]: dev-disk-by\x2duuid-93f15e36\x2dae68\x2d43e7\x2d9951\x2daa471315d749.swap: Job dev-disk-by\x2duuid-93f15e36\x2dae68\x2d43e7\x2d9951\x2daa471315d749.swap/start failed with result 'dependency'.
Sep 27 01:54:06 localhost systemd[1]: dev-disk-by\x2duuid-93f15e36\x2dae68\x2d43e7\x2d9951\x2daa471315d749.device: Job dev-disk-by\x2duuid-93f15e36\x2dae68\x2d43e7\x2d9951\x2daa471315d749.device/start failed with result 'timeout'.
Sep 27 01:54:25 localhost NetworkManager[37821]: <info>  [1601171665.9153] manager: disable requested (sleeping: no  enabled: yes)
Sep 27 01:54:25 localhost NetworkManager[37821]: <info>  [1601171665.9153] manager: disabling...
Sep 27 01:54:25 localhost NetworkManager[37821]: <info>  [1601171665.9153] manager: NetworkManager state is now ASLEEP
Sep 27 01:54:25 localhost NetworkManager[37821]: <info>  [1601171665.9155] audit: op="networking-control" arg="off" pid=39524 uid=0 result="success"
Sep 27 01:54:25 localhost NetworkManager[37821]: <info>  [1601171665.9155] device (ens33): state change: activated -> deactivating (reason 'sleeping') [100 110 37]
Sep 27 01:54:25 localhost NetworkManager[37821]: <info>  [1601171665.9180] device (ens33): state change: deactivating -> disconnected (reason 'sleeping') [110 30 37]
Sep 27 01:54:25 localhost whoopsie[1333]: [01:54:25] offline
Sep 27 01:54:25 localhost avahi-daemon[1010]: Withdrawing address record for fe80::e8d7:4d64:80c:b5b on ens33.
Sep 27 01:54:25 localhost avahi-daemon[1010]: Leaving mDNS multicast group on interface ens33.IPv6 with address fe80::e8d7:4d64:80c:b5b.
Sep 27 01:54:25 localhost avahi-daemon[1010]: Interface ens33.IPv6 no longer relevant for mDNS.
Sep 27 01:54:32 localhost systemd[1]: Time has been changed
Sep 27 01:54:32 localhost systemd[1561]: Time has been changed
Sep 27 01:54:32 localhost NetworkManager[37821]: <info>  [1601171672.2779] dhcp4 (ens33): canceled DHCP transaction, DHCP client pid 39285
Sep 27 01:54:32 localhost NetworkManager[37821]: <info>  [1601171672.2792] dhcp4 (ens33): state changed bound -> done
Sep 27 01:54:32 localhost NetworkManager[37821]: <info>  [1601171672.3261] dns-mgr: Writing DNS information to /sbin/resolvconf
Sep 27 01:54:32 localhost avahi-daemon[1010]: Withdrawing address record for 172.16.250.186 on ens33.
Sep 27 01:54:32 localhost avahi-daemon[1010]: Leaving mDNS multicast group on interface ens33.IPv4 with address 172.16.250.186.
Sep 27 01:54:32 localhost avahi-daemon[1010]: Interface ens33.IPv4 no longer relevant for mDNS.
Sep 27 01:54:32 localhost dnsmasq[37838]: setting upstream servers from DBus
Sep 27 01:54:32 localhost dbus[1045]: [system] Activating via systemd: service name='org.freedesktop.nm_dispatcher' unit='dbus-org.freedesktop.nm-dispatcher.service'
Sep 27 01:54:32 localhost NetworkManager[37821]: <info>  [1601171672.7489] device (ens33): state change: disconnected -> unmanaged (reason 'sleeping') [30 10 37]
Sep 27 01:54:32 localhost systemd[1]: Starting Network Manager Script Dispatcher Service...
Sep 27 01:54:32 localhost NetworkManager[37821]: <info>  [1601171672.8422] device (ens33): link disconnected
Sep 27 01:54:32 localhost NetworkManager[37821]: <info>  [1601171672.8551] manager: enable requested (sleeping: no  enabled: no)
Sep 27 01:54:32 localhost NetworkManager[37821]: <info>  [1601171672.8551] manager: re-enabling...
Sep 27 01:54:32 localhost NetworkManager[37821]: <info>  [1601171672.8552] device (ens33): state change: unmanaged -> unavailable (reason 'managed') [10 20 2]
Sep 27 01:54:32 localhost kernel: [10648.300358] IPv6: ADDRCONF(NETDEV_UP): ens33: link is not ready
Sep 27 01:54:32 localhost dbus[1045]: [system] Successfully activated service 'org.freedesktop.nm_dispatcher'
Sep 27 01:54:32 localhost systemd[1]: Started Network Manager Script Dispatcher Service.
Sep 27 01:54:32 localhost nm-dispatcher: req:1 'down' [ens33]: new request (1 scripts)
Sep 27 01:54:32 localhost nm-dispatcher: req:1 'down' [ens33]: start running ordered scripts...
Sep 27 01:54:32 localhost kernel: [10648.309878] e1000: ens33 NIC Link is Up 1000 Mbps Full Duplex, Flow Control: None
Sep 27 01:54:32 localhost NetworkManager[37821]: <info>  [1601171672.8801] device (ens33): link connected
Sep 27 01:54:32 localhost NetworkManager[37821]: <info>  [1601171672.8822] manager: NetworkManager state is now CONNECTED_LOCAL
Sep 27 01:54:32 localhost NetworkManager[37821]: <info>  [1601171672.8835] audit: op="networking-control" arg="on" pid=39569 uid=0 result="success"
Sep 27 01:54:32 localhost NetworkManager[37821]: <info>  [1601171672.8956] device (ens33): state change: unavailable -> disconnected (reason 'none') [20 30 0]
Sep 27 01:54:32 localhost gnome-session[2002]: (deja-dup-monitor:3042): GLib-CRITICAL **: Source ID 194 was not found when attempting to remove it
Sep 27 01:54:32 localhost NetworkManager[37821]: <info>  [1601171672.9075] policy: auto-activating connection 'Wired connection 1'
Sep 27 01:54:32 localhost NetworkManager[37821]: <info>  [1601171672.9107] device (ens33): Activation: starting connection 'Wired connection 1' (da835b15-24ce-3851-8d10-6dd226c0e8fc)
Sep 27 01:54:32 localhost NetworkManager[37821]: <info>  [1601171672.9126] device (ens33): state change: disconnected -> prepare (reason 'none') [30 40 0]
Sep 27 01:54:32 localhost NetworkManager[37821]: <info>  [1601171672.9131] manager: NetworkManager state is now CONNECTING
Sep 27 01:54:32 localhost NetworkManager[37821]: <info>  [1601171672.9214] device (ens33): state change: prepare -> config (reason 'none') [40 50 0]
Sep 27 01:54:32 localhost NetworkManager[37821]: <info>  [1601171672.9251] device (ens33): state change: config -> ip-config (reason 'none') [50 70 0]
Sep 27 01:54:32 localhost NetworkManager[37821]: <info>  [1601171672.9259] dhcp4 (ens33): activation: beginning transaction (timeout in 45 seconds)
Sep 27 01:54:32 localhost NetworkManager[37821]: <info>  [1601171672.9330] dhcp4 (ens33): dhclient started with pid 39611
Sep 27 01:54:32 localhost dhclient[39611]: DHCPREQUEST of 172.16.250.186 on ens33 to 255.255.255.255 port 67 (xid=0x56f20db7)
Sep 27 01:54:32 localhost dhclient[39611]: DHCPACK of 172.16.250.186 from 172.16.250.254
Sep 27 01:54:32 localhost NetworkManager[37821]: <info>  [1601171672.9888]   address 172.16.250.186
Sep 27 01:54:32 localhost NetworkManager[37821]: <info>  [1601171672.9889]   plen 24 (255.255.255.0)
Sep 27 01:54:32 localhost NetworkManager[37821]: <info>  [1601171672.9890]   gateway 172.16.250.2
Sep 27 01:54:32 localhost NetworkManager[37821]: <info>  [1601171672.9890]   server identifier 172.16.250.254
Sep 27 01:54:32 localhost NetworkManager[37821]: <info>  [1601171672.9890]   lease time 1800
Sep 27 01:54:32 localhost avahi-daemon[1010]: Joining mDNS multicast group on interface ens33.IPv4 with address 172.16.250.186.
Sep 27 01:54:32 localhost NetworkManager[37821]: <info>  [1601171672.9890]   nameserver '172.16.250.2'
Sep 27 01:54:32 localhost NetworkManager[37821]: <info>  [1601171672.9890]   domain name 'localdomain'
Sep 27 01:54:32 localhost NetworkManager[37821]: <info>  [1601171672.9890]   wins '172.16.250.2'
Sep 27 01:54:32 localhost NetworkManager[37821]: <info>  [1601171672.9890] dhcp4 (ens33): state changed unknown -> bound
Sep 27 01:54:32 localhost avahi-daemon[1010]: New relevant interface ens33.IPv4 for mDNS.
Sep 27 01:54:32 localhost avahi-daemon[1010]: Registering new address record for 172.16.250.186 on ens33.IPv4.
Sep 27 01:54:32 localhost NetworkManager[37821]: <info>  [1601171672.9947] device (ens33): state change: ip-config -> ip-check (reason 'none') [70 80 0]
Sep 27 01:54:32 localhost NetworkManager[37821]: <info>  [1601171672.9951] device (ens33): state change: ip-check -> secondaries (reason 'none') [80 90 0]
Sep 27 01:54:32 localhost NetworkManager[37821]: <info>  [1601171672.9953] device (ens33): state change: secondaries -> activated (reason 'none') [90 100 0]
Sep 27 01:54:32 localhost NetworkManager[37821]: <info>  [1601171672.9956] manager: NetworkManager state is now CONNECTED_LOCAL
Sep 27 01:54:32 localhost dhclient[39611]: bound to 172.16.250.186 -- renewal in 785 seconds.
Sep 27 01:54:33 localhost NetworkManager[37821]: <info>  [1601171673.0001] manager: NetworkManager state is now CONNECTED_GLOBAL
Sep 27 01:54:33 localhost NetworkManager[37821]: <info>  [1601171673.0006] policy: set 'Wired connection 1' (ens33) as default for IPv4 routing and DNS
Sep 27 01:54:33 localhost NetworkManager[37821]: <info>  [1601171673.0013] dns-mgr: Writing DNS information to /sbin/resolvconf
Sep 27 01:54:33 localhost dnsmasq[37838]: setting upstream servers from DBus
Sep 27 01:54:33 localhost dnsmasq[37838]: using nameserver 172.16.250.2#53(via ens33)
Sep 27 01:54:33 localhost NetworkManager[37821]: <info>  [1601171673.1613] device (ens33): Activation: successful, device activated.
Sep 27 01:54:33 localhost nm-dispatcher: req:2 'up' [ens33]: new request (1 scripts)
Sep 27 01:54:33 localhost nm-dispatcher: req:2 'up' [ens33]: start running ordered scripts...
Sep 27 01:54:33 localhost gnome-session[2002]: (deja-dup-monitor:3042): GLib-CRITICAL **: Source ID 226 was not found when attempting to remove it
Sep 27 01:54:33 localhost systemd[1]: Reloading OpenBSD Secure Shell server.
Sep 27 01:54:33 localhost systemd[1]: Reloaded OpenBSD Secure Shell server.
Sep 27 01:54:33 localhost systemd[1]: Reloading OpenBSD Secure Shell server.
Sep 27 01:54:33 localhost systemd[1]: Reloaded OpenBSD Secure Shell server.
Sep 27 01:54:34 localhost avahi-daemon[1010]: Joining mDNS multicast group on interface ens33.IPv6 with address fe80::e8d7:4d64:80c:b5b.
Sep 27 01:54:34 localhost avahi-daemon[1010]: New relevant interface ens33.IPv6 for mDNS.
Sep 27 01:54:34 localhost avahi-daemon[1010]: Registering new address record for fe80::e8d7:4d64:80c:b5b on ens33.*.
Sep 27 01:54:37 localhost whoopsie[1333]: [01:54:37] The default IPv4 route is: /org/freedesktop/NetworkManager/ActiveConnection/4
Sep 27 01:54:37 localhost whoopsie[1333]: [01:54:37] Not a paid data plan: /org/freedesktop/NetworkManager/ActiveConnection/4
Sep 27 01:54:37 localhost whoopsie[1333]: [01:54:37] Found usable connection: /org/freedesktop/NetworkManager/ActiveConnection/4
Sep 27 01:54:37 localhost whoopsie[1333]: [01:54:37] online
Sep 27 01:56:02 localhost systemd[1]: dev-disk-by\x2duuid-93f15e36\x2dae68\x2d43e7\x2d9951\x2daa471315d749.device: Job dev-disk-by\x2duuid-93f15e36\x2dae68\x2d43e7\x2d9951\x2daa471315d749.device/start timed out.
Sep 27 01:56:02 localhost systemd[1]: Timed out waiting for device dev-disk-by\x2duuid-93f15e36\x2dae68\x2d43e7\x2d9951\x2daa471315d749.device.
Sep 27 01:56:02 localhost systemd[1]: Dependency failed for /dev/disk/by-uuid/93f15e36-ae68-43e7-9951-aa471315d749.
Sep 27 01:56:02 localhost systemd[1]: dev-disk-by\x2duuid-93f15e36\x2dae68\x2d43e7\x2d9951\x2daa471315d749.swap: Job dev-disk-by\x2duuid-93f15e36\x2dae68\x2d43e7\x2d9951\x2daa471315d749.swap/start failed with result 'dependency'.
Sep 27 01:56:02 localhost systemd[1]: dev-disk-by\x2duuid-93f15e36\x2dae68\x2d43e7\x2d9951\x2daa471315d749.device: Job dev-disk-by\x2duuid-93f15e36\x2dae68\x2d43e7\x2d9951\x2daa471315d749.device/start failed with result 'timeout'.
Sep 27 01:57:01 localhost CRON[39855]: (root) CMD (   test -x /etc/cron.daily/popularity-contest && /etc/cron.daily/popularity-contest --crond)
Sep 27 02:05:16 localhost freshclam[1023]: Sun Sep 27 02:05:16 2020 -> Received signal: wake up
Sep 27 02:05:16 localhost freshclam[1023]: Sun Sep 27 02:05:16 2020 -> ClamAV update process started at Sun Sep 27 02:05:16 2020
Sep 27 02:05:16 localhost freshclam[1023]: Sun Sep 27 02:05:16 2020 -> main.cld is up to date (version: 59, sigs: 4564902, f-level: 60, builder: sigmgr)
Sep 27 02:05:21 localhost freshclam[1023]: Sun Sep 27 02:05:21 2020 -> Downloading daily-25934.cdiff [100%]
Sep 27 02:05:21 localhost freshclam[1023]: Sun Sep 27 02:05:21 2020 -> Downloading daily-25935.cdiff [100%]
Sep 27 02:05:23 localhost freshclam[1023]: Sun Sep 27 02:05:23 2020 -> Downloading daily-25936.cdiff [100%]
Sep 27 02:05:23 localhost freshclam[1023]: Sun Sep 27 02:05:23 2020 -> Downloading daily-25937.cdiff [100%]
Sep 27 02:05:24 localhost freshclam[1023]: Sun Sep 27 02:05:24 2020 -> Downloading daily-25938.cdiff [100%]
Sep 27 02:05:24 localhost freshclam[1023]: Sun Sep 27 02:05:24 2020 -> Downloading daily-25939.cdiff [100%]
Sep 27 02:05:48 localhost freshclam[1023]: Sun Sep 27 02:05:47 2020 -> ^[LibClamAV] mpool_malloc(): Can't allocate memory (33558528 bytes).
Sep 27 02:05:48 localhost freshclam[1023]: Sun Sep 27 02:05:48 2020 -> ^[LibClamAV] mpool_malloc(): Can't allocate memory (33558528 bytes).
Sep 27 02:05:49 localhost freshclam[1023]: message repeated 669 times: [ Sun Sep 27 02:05:48 2020 -> ^[LibClamAV] mpool_malloc(): Can't allocate memory (33558528 bytes).]
Sep 27 02:05:49 localhost freshclam[1023]: Sun Sep 27 02:05:49 2020 -> ^[LibClamAV] mpool_malloc(): Can't allocate memory (33558528 bytes).
Sep 27 02:05:55 localhost kernel: [11330.590820] freshclam invoked oom-killer: gfp_mask=0x24201ca, order=0, oom_score_adj=0
Sep 27 02:05:55 localhost kernel: [11330.590825] freshclam cpuset=/ mems_allowed=0
Sep 27 02:05:55 localhost kernel: [11330.590854] CPU: 1 PID: 39967 Comm: freshclam Not tainted 4.4.0-131-generic #157-Ubuntu
Sep 27 02:05:55 localhost kernel: [11330.590856] Hardware name: VMware, Inc. VMware Virtual Platform/440BX Desktop Reference Platform, BIOS 6.00 07/29/2019
Sep 27 02:05:55 localhost kernel: [11330.590857]  0000000000000286 24c2545d11b50533 ffff8800666ab9e8 ffffffff81401c43
Sep 27 02:05:55 localhost kernel: [11330.590859]  ffff8800666abba0 ffff880074db8e00 ffff8800666aba58 ffffffff81211a1e
Sep 27 02:05:55 localhost kernel: [11330.590861]  0000000000000015 0000000000000000 ffff88000ee14600 ffff8800734f8e00
Sep 27 02:05:55 localhost kernel: [11330.590862] Call Trace:
Sep 27 02:05:55 localhost kernel: [11330.591159]  [<ffffffff81401c43>] dump_stack+0x63/0x90
Sep 27 02:05:55 localhost kernel: [11330.591295]  [<ffffffff81211a1e>] dump_header+0x5a/0x1c5
Sep 27 02:05:55 localhost kernel: [11330.591432]  [<ffffffff81399c04>] ? apparmor_capable+0xc4/0x1b0
Sep 27 02:05:55 localhost kernel: [11330.591546]  [<ffffffff81197dd2>] oom_kill_process+0x202/0x3c0
