Sep 27 02:35:20 localhost kernel: [13095.737734] [ 2596]  1000  2596   125497      662     103       4        0             0 zeitgeist-datah
Sep 27 02:35:20 localhost kernel: [13095.737737] [ 2603]  1000  2603     1126      175       8       3        0             0 sh
Sep 27 02:35:20 localhost kernel: [13095.737739] [ 2610]  1000  2610    86233      331      34       4        0             0 zeitgeist-daemo
Sep 27 02:35:20 localhost kernel: [13095.737741] [ 2618]  1000  2618    79296      624      48       3        0             0 zeitgeist-fts
Sep 27 02:35:20 localhost kernel: [13095.737744] [ 2780]  1000  2780   161243      949      71       4        0             0 unity-scope-hom
Sep 27 02:35:20 localhost kernel: [13095.737746] [ 2790]  1000  2790   176124      881      62       3        0             0 unity-files-dae
Sep 27 02:35:20 localhost kernel: [13095.737749] [ 2791]  1000  2791   162168     2017      72       4        0             0 unity-scope-loa
Sep 27 02:35:20 localhost kernel: [13095.737752] [ 3042]  1000  3042   127301      199      48       4        0             0 deja-dup-monito
Sep 27 02:35:20 localhost kernel: [13095.737754] [ 3166]     0  3166    23308      546      47       3        0             0 cupsd
Sep 27 02:35:20 localhost kernel: [13095.737757] [ 3168]     0  3168    68703      320      67       4        0             0 cups-browsed
Sep 27 02:35:20 localhost kernel: [13095.737760] [37821]     0 37821   112361      707      72       4        0             0 NetworkManager
Sep 27 02:35:20 localhost kernel: [13095.737762] [37838] 65534 37838    13216      393      29       3        0             0 dnsmasq
Sep 27 02:35:20 localhost kernel: [13095.737764] [37871]  1000 37871   122425     1818     127       4        0             0 notify-osd
Sep 27 02:35:20 localhost kernel: [13095.737767] [38456]  1000 38456   577935    53138     437       5        0             0 firefox
Sep 27 02:35:20 localhost kernel: [13095.737769] [38531]  1000 38531   426209    33889     309       5        0             0 Web Content
Sep 27 02:35:20 localhost kernel: [13095.737772] [38603]  1000 38603   377015     5791     199       4        0             0 WebExtensions
Sep 27 02:35:20 localhost kernel: [13095.737774] [38681]  1000 38681   466761    74775     398       5        0             0 Web Content
Sep 27 02:35:20 localhost kernel: [13095.737777] [39078]  1000 39078   493616    40521     430       5        0             0 Web Content
Sep 27 02:35:20 localhost kernel: [13095.737780] [39611]     0 39611     4032      496      13       3        0             0 dhclient
Sep 27 02:35:20 localhost kernel: [13095.737782] [39912]  1000 39912   462878    54754     378       5        0             0 Web Content
Sep 27 02:35:20 localhost kernel: [13095.737785] Out of memory: Kill process 38681 (Web Content) score 148 or sacrifice child
Sep 27 02:35:20 localhost kernel: [13095.737857] Killed process 38681 (Web Content) total-vm:1867044kB, anon-rss:238768kB, file-rss:60332kB
Sep 27 02:43:35 localhost dhclient[39611]: DHCPREQUEST of 172.16.250.186 on ens33 to 172.16.250.254 port 67 (xid=0x56f20db7)
Sep 27 02:43:35 localhost dhclient[39611]: DHCPACK of 172.16.250.186 from 172.16.250.254
Sep 27 02:43:35 localhost NetworkManager[37821]: <info>  [1601174615.5861]   address 172.16.250.186
Sep 27 02:43:35 localhost NetworkManager[37821]: <info>  [1601174615.5865]   plen 24 (255.255.255.0)
Sep 27 02:43:35 localhost NetworkManager[37821]: <info>  [1601174615.5869]   gateway 172.16.250.2
Sep 27 02:43:35 localhost NetworkManager[37821]: <info>  [1601174615.5876]   server identifier 172.16.250.254
Sep 27 02:43:35 localhost NetworkManager[37821]: <info>  [1601174615.5883]   lease time 1800
Sep 27 02:43:35 localhost NetworkManager[37821]: <info>  [1601174615.5889]   nameserver '172.16.250.2'
Sep 27 02:43:35 localhost NetworkManager[37821]: <info>  [1601174615.5893]   domain name 'localdomain'
Sep 27 02:43:35 localhost NetworkManager[37821]: <info>  [1601174615.5895]   wins '172.16.250.2'
Sep 27 02:43:35 localhost NetworkManager[37821]: <info>  [1601174615.5901] dhcp4 (ens33): state changed bound -> bound
Sep 27 02:43:35 localhost dbus[1045]: [system] Activating via systemd: service name='org.freedesktop.nm_dispatcher' unit='dbus-org.freedesktop.nm-dispatcher.service'
Sep 27 02:43:35 localhost dhclient[39611]: bound to 172.16.250.186 -- renewal in 756 seconds.
Sep 27 02:43:35 localhost systemd[1]: Starting Network Manager Script Dispatcher Service...
Sep 27 02:43:35 localhost dbus[1045]: [system] Successfully activated service 'org.freedesktop.nm_dispatcher'
Sep 27 02:43:35 localhost systemd[1]: Started Network Manager Script Dispatcher Service.
Sep 27 02:43:35 localhost nm-dispatcher: req:1 'dhcp4-change' [ens33]: new request (1 scripts)
Sep 27 02:43:35 localhost nm-dispatcher: req:1 'dhcp4-change' [ens33]: start running ordered scripts...
Sep 27 02:45:05 localhost systemd[1]: dev-disk-by\x2duuid-93f15e36\x2dae68\x2d43e7\x2d9951\x2daa471315d749.device: Job dev-disk-by\x2duuid-93f15e36\x2dae68\x2d43e7\x2d9951\x2daa471315d749.device/start timed out.
Sep 27 02:45:05 localhost systemd[1]: Timed out waiting for device dev-disk-by\x2duuid-93f15e36\x2dae68\x2d43e7\x2d9951\x2daa471315d749.device.
Sep 27 02:45:05 localhost systemd[1]: Dependency failed for /dev/disk/by-uuid/93f15e36-ae68-43e7-9951-aa471315d749.
Sep 27 02:45:05 localhost systemd[1]: dev-disk-by\x2duuid-93f15e36\x2dae68\x2d43e7\x2d9951\x2daa471315d749.swap: Job dev-disk-by\x2duuid-93f15e36\x2dae68\x2d43e7\x2d9951\x2daa471315d749.swap/start failed with result 'dependency'.
Sep 27 02:45:05 localhost systemd[1]: dev-disk-by\x2duuid-93f15e36\x2dae68\x2d43e7\x2d9951\x2daa471315d749.device: Job dev-disk-by\x2duuid-93f15e36\x2dae68\x2d43e7\x2d9951\x2daa471315d749.device/start failed with result 'timeout'.
Sep 27 02:56:11 localhost dhclient[39611]: DHCPREQUEST of 172.16.250.186 on ens33 to 172.16.250.254 port 67 (xid=0x56f20db7)
Sep 27 02:56:11 localhost dhclient[39611]: DHCPACK of 172.16.250.186 from 172.16.250.254
Sep 27 02:56:11 localhost NetworkManager[37821]: <info>  [1601175371.4010]   address 172.16.250.186
Sep 27 02:56:11 localhost NetworkManager[37821]: <info>  [1601175371.4012]   plen 24 (255.255.255.0)
Sep 27 02:56:11 localhost NetworkManager[37821]: <info>  [1601175371.4012]   gateway 172.16.250.2
Sep 27 02:56:11 localhost NetworkManager[37821]: <info>  [1601175371.4012]   server identifier 172.16.250.254
Sep 27 02:56:11 localhost NetworkManager[37821]: <info>  [1601175371.4012]   lease time 1800
Sep 27 02:56:11 localhost NetworkManager[37821]: <info>  [1601175371.4012]   nameserver '172.16.250.2'
Sep 27 02:56:11 localhost NetworkManager[37821]: <info>  [1601175371.4012]   domain name 'localdomain'
Sep 27 02:56:11 localhost NetworkManager[37821]: <info>  [1601175371.4013]   wins '172.16.250.2'
Sep 27 02:56:11 localhost NetworkManager[37821]: <info>  [1601175371.4013] dhcp4 (ens33): state changed bound -> bound
Sep 27 02:56:11 localhost dbus[1045]: [system] Activating via systemd: service name='org.freedesktop.nm_dispatcher' unit='dbus-org.freedesktop.nm-dispatcher.service'
Sep 27 02:56:11 localhost dhclient[39611]: bound to 172.16.250.186 -- renewal in 726 seconds.
Sep 27 02:56:11 localhost systemd[1]: Starting Network Manager Script Dispatcher Service...
Sep 27 02:56:11 localhost dbus[1045]: [system] Successfully activated service 'org.freedesktop.nm_dispatcher'
Sep 27 02:56:11 localhost systemd[1]: Started Network Manager Script Dispatcher Service.
Sep 27 02:56:11 localhost nm-dispatcher: req:1 'dhcp4-change' [ens33]: new request (1 scripts)
Sep 27 02:56:11 localhost nm-dispatcher: req:1 'dhcp4-change' [ens33]: start running ordered scripts...
Sep 27 02:57:41 localhost systemd[1]: dev-disk-by\x2duuid-93f15e36\x2dae68\x2d43e7\x2d9951\x2daa471315d749.device: Job dev-disk-by\x2duuid-93f15e36\x2dae68\x2d43e7\x2d9951\x2daa471315d749.device/start timed out.
Sep 27 02:57:41 localhost systemd[1]: Timed out waiting for device dev-disk-by\x2duuid-93f15e36\x2dae68\x2d43e7\x2d9951\x2daa471315d749.device.
Sep 27 02:57:41 localhost systemd[1]: Dependency failed for /dev/disk/by-uuid/93f15e36-ae68-43e7-9951-aa471315d749.
Sep 27 02:57:41 localhost systemd[1]: dev-disk-by\x2duuid-93f15e36\x2dae68\x2d43e7\x2d9951\x2daa471315d749.swap: Job dev-disk-by\x2duuid-93f15e36\x2dae68\x2d43e7\x2d9951\x2daa471315d749.swap/start failed with result 'dependency'.
Sep 27 02:57:41 localhost systemd[1]: dev-disk-by\x2duuid-93f15e36\x2dae68\x2d43e7\x2d9951\x2daa471315d749.device: Job dev-disk-by\x2duuid-93f15e36\x2dae68\x2d43e7\x2d9951\x2daa471315d749.device/start failed with result 'timeout'.
Sep 27 03:07:28 localhost systemd[1]: Time has been changed
Sep 27 03:07:28 localhost systemd[1561]: Time has been changed
Sep 27 03:14:02 localhost freshclam[1023]: Sun Sep 27 03:14:02 2020 -> Received signal: wake up
Sep 27 03:14:02 localhost freshclam[1023]: Sun Sep 27 03:14:02 2020 -> ClamAV update process started at Sun Sep 27 03:14:02 2020
Sep 27 03:14:02 localhost freshclam[1023]: Sun Sep 27 03:14:02 2020 -> main.cld is up to date (version: 59, sigs: 4564902, f-level: 60, builder: sigmgr)
Sep 27 03:14:03 localhost freshclam[1023]: Sun Sep 27 03:14:03 2020 -> Downloading daily-25934.cdiff [100%]
Sep 27 03:14:03 localhost freshclam[1023]: Sun Sep 27 03:14:03 2020 -> Downloading daily-25935.cdiff [100%]
Sep 27 03:14:04 localhost freshclam[1023]: Sun Sep 27 03:14:04 2020 -> Downloading daily-25936.cdiff [100%]
Sep 27 03:14:04 localhost freshclam[1023]: Sun Sep 27 03:14:04 2020 -> Downloading daily-25937.cdiff [100%]
Sep 27 03:14:04 localhost freshclam[1023]: Sun Sep 27 03:14:04 2020 -> Downloading daily-25938.cdiff [100%]
Sep 27 03:14:04 localhost freshclam[1023]: Sun Sep 27 03:14:04 2020 -> Downloading daily-25939.cdiff [100%]
Sep 27 03:14:27 localhost kernel: [14956.199029] vmtoolsd invoked oom-killer: gfp_mask=0x24201ca, order=0, oom_score_adj=0
Sep 27 03:14:27 localhost kernel: [14956.199031] vmtoolsd cpuset=/ mems_allowed=0
Sep 27 03:14:27 localhost kernel: [14956.199037] CPU: 1 PID: 2194 Comm: vmtoolsd Not tainted 4.4.0-131-generic #157-Ubuntu
Sep 27 03:14:27 localhost kernel: [14956.199038] Hardware name: VMware, Inc. VMware Virtual Platform/440BX Desktop Reference Platform, BIOS 6.00 07/29/2019
Sep 27 03:14:27 localhost kernel: [14956.199040]  0000000000000286 67e965a40bc155c7 ffff8800726c39e8 ffffffff81401c43
Sep 27 03:14:27 localhost kernel: [14956.199042]  ffff8800726c3ba0 ffff8800734fb800 ffff8800726c3a58 ffffffff81211a1e
Sep 27 03:14:27 localhost kernel: [14956.199044]  0000000000000015 0000000000000000 ffff88000ee14600 ffff8800734f8e00
Sep 27 03:14:27 localhost kernel: [14956.199046] Call Trace:
Sep 27 03:14:27 localhost kernel: [14956.199107]  [<ffffffff81401c43>] dump_stack+0x63/0x90
Sep 27 03:14:27 localhost kernel: [14956.199112]  [<ffffffff81211a1e>] dump_header+0x5a/0x1c5
Sep 27 03:14:27 localhost kernel: [14956.199142]  [<ffffffff81399c04>] ? apparmor_capable+0xc4/0x1b0
Sep 27 03:14:27 localhost kernel: [14956.199146]  [<ffffffff81197dd2>] oom_kill_process+0x202/0x3c0
Sep 27 03:14:27 localhost kernel: [14956.199148]  [<ffffffff811981f9>] out_of_memory+0x219/0x460
Sep 27 03:14:27 localhost kernel: [14956.199151]  [<ffffffff8119e245>] __alloc_pages_slowpath.constprop.88+0x965/0xb00
Sep 27 03:14:27 localhost kernel: [14956.199153]  [<ffffffff8119e668>] __alloc_pages_nodemask+0x288/0x2a0
Sep 27 03:14:27 localhost kernel: [14956.199155]  [<ffffffff811e841c>] alloc_pages_current+0x8c/0x110
Sep 27 03:14:27 localhost kernel: [14956.199157]  [<ffffffff8119429b>] __page_cache_alloc+0xab/0xc0
Sep 27 03:14:27 localhost kernel: [14956.199159]  [<ffffffff81196840>] filemap_fault+0x160/0x440
Sep 27 03:14:27 localhost kernel: [14956.199162]  [<ffffffff812a9e86>] ext4_filemap_fault+0x36/0x50
Sep 27 03:14:27 localhost kernel: [14956.199164]  [<ffffffff811c3697>] __do_fault+0x77/0x110
Sep 27 03:14:27 localhost kernel: [14956.199165]  [<ffffffff811c7485>] handle_mm_fault+0xfa5/0x1850
Sep 27 03:14:27 localhost kernel: [14956.199271]  [<ffffffff810b6010>] ? thread_group_cputime_adjusted+0x50/0x70
Sep 27 03:14:27 localhost kernel: [14956.199274]  [<ffffffff8106d8a1>] __do_page_fault+0x1a1/0x410
Sep 27 03:14:27 localhost kernel: [14956.199276]  [<ffffffff8106db32>] do_page_fault+0x22/0x30
Sep 27 03:14:27 localhost kernel: [14956.199280]  [<ffffffff81855c58>] page_fault+0x28/0x30
Sep 27 03:14:27 localhost kernel: [14956.199281] Mem-Info:
Sep 27 03:14:27 localhost kernel: [14956.199285] active_anon:386138 inactive_anon:11092 isolated_anon:0
Sep 27 03:14:27 localhost kernel: [14956.199285]  active_file:111 inactive_file:169 isolated_file:0
Sep 27 03:14:27 localhost kernel: [14956.199285]  unevictable:917 dirty:0 writeback:0 unstable:0
Sep 27 03:14:27 localhost kernel: [14956.199285]  slab_reclaimable:7731 slab_unreclaimable:16344
Sep 27 03:14:27 localhost kernel: [14956.199285]  mapped:10262 shmem:11523 pagetables:9743 bounce:0
Sep 27 03:14:27 localhost kernel: [14956.199285]  free:13673 free_pcp:152 free_cma:0
Sep 27 03:14:27 localhost kernel: [14956.199288] Node 0 DMA free:8016kB min:360kB low:448kB high:540kB active_anon:5700kB inactive_anon:296kB active_file:0kB inactive_file:48kB unevictable:16kB isolated(anon):0kB isolated(file):0kB present:15988kB managed:15900kB mlocked:16kB dirty:0kB writeback:0kB mapped:296kB shmem:296kB slab_reclaimable:104kB slab_unreclaimable:476kB kernel_stack:80kB pagetables:104kB unstable:0kB bounce:0kB free_pcp:0kB local_pcp:0kB free_cma:0kB writeback_tmp:0kB pages_scanned:8 all_unreclaimable? no
Sep 27 03:14:27 localhost kernel: [14956.199293] lowmem_reserve[]: 0 1923 1923 1923 1923
Sep 27 03:14:27 localhost kernel: [14956.199296] Node 0 DMA32 free:46676kB min:44692kB low:55864kB high:67036kB active_anon:1538852kB inactive_anon:44072kB active_file:444kB inactive_file:628kB unevictable:3652kB isolated(anon):0kB isolated(file):0kB present:2080640kB managed:2013940kB mlocked:3652kB dirty:0kB writeback:0kB mapped:40752kB shmem:45796kB slab_reclaimable:30820kB slab_unreclaimable:64900kB kernel_stack:11776kB pagetables:38868kB unstable:0kB bounce:0kB free_pcp:608kB local_pcp:120kB free_cma:0kB writeback_tmp:0kB pages_scanned:6632 all_unreclaimable? yes
Sep 27 03:14:27 localhost kernel: [14956.199300] lowmem_reserve[]: 0 0 0 0 0
Sep 27 03:14:27 localhost kernel: [14956.199302] Node 0 DMA: 10*4kB (M) 5*8kB (UME) 5*16kB (UME) 7*32kB (UME) 4*64kB (UME) 4*128kB (ME) 5*256kB (UME) 3*512kB (UME) 4*1024kB (UME) 0*2048kB 0*4096kB = 8064kB
Sep 27 03:14:27 localhost kernel: [14956.199311] Node 0 DMA32: 145*4kB (UEH) 262*8kB (UMEH) 108*16kB (UME) 425*32kB (UME) 242*64kB (UME) 87*128kB (MEH) 2*256kB (UH) 3*512kB (UE) 0*1024kB 0*2048kB 0*4096kB = 46676kB
Sep 27 03:14:27 localhost kernel: [14956.199319] Node 0 hugepages_total=0 hugepages_free=0 hugepages_surp=0 hugepages_size=1048576kB
Sep 27 03:14:27 localhost kernel: [14956.199321] Node 0 hugepages_total=0 hugepages_free=0 hugepages_surp=0 hugepages_size=2048kB
Sep 27 03:14:27 localhost kernel: [14956.199321] 12438 total pagecache pages
Sep 27 03:14:27 localhost kernel: [14956.199323] 0 pages in swap cache
Sep 27 03:14:27 localhost kernel: [14956.199324] Swap cache stats: add 0, delete 0, find 0/0
Sep 27 03:14:27 localhost kernel: [14956.199325] Free swap  = 0kB
Sep 27 03:14:27 localhost kernel: [14956.199326] Total swap = 0kB
Sep 27 03:14:27 localhost kernel: [14956.199356] 524157 pages RAM
Sep 27 03:14:27 localhost kernel: [14956.199357] 0 pages HighMem/MovableOnly
Sep 27 03:14:27 localhost kernel: [14956.199358] 16697 pages reserved
Sep 27 03:14:27 localhost kernel: [14956.199359] 0 pages cma reserved
Sep 27 03:14:27 localhost kernel: [14956.199359] 0 pages hwpoisoned
Sep 27 03:14:27 localhost kernel: [14956.199361] [ pid ]   uid  tgid total_vm      rss nr_ptes nr_pmds swapents oom_score_adj name
Sep 27 03:14:27 localhost kernel: [14956.199374] [  437]     0   437     9587     1337      21       3        0             0 systemd-journal
Sep 27 03:14:27 localhost kernel: [14956.199376] [  470]     0   470    23693      145      17       3        0             0 lvmetad
Sep 27 03:14:27 localhost kernel: [14956.199379] [  484]     0   484    11337      809      24       3        0         -1000 systemd-udevd
Sep 27 03:14:27 localhost kernel: [14956.199382] [  505]     0   505    39656       66      13       3        0             0 vmware-vmblock-
Sep 27 03:14:27 localhost kernel: [14956.199384] [  717]     0   717    47526      599      52       3        0             0 vmtoolsd
Sep 27 03:14:27 localhost kernel: [14956.199387] [  775]   100   775    25596      204      21       3        0             0 systemd-timesyn
Sep 27 03:14:27 localhost kernel: [14956.199389] [ 1005]     0  1005    74005     2699      39       5        0          -900 snapd
Sep 27 03:14:27 localhost kernel: [14956.199390] [ 1006]   104  1006    64098      210      27       3        0             0 rsyslogd
Sep 27 03:14:27 localhost kernel: [14956.199392] [ 1010]   111  1010    11226      219      27       3        0             0 avahi-daemon
Sep 27 03:14:27 localhost kernel: [14956.199394] [ 1016]     0  1016     7252      211      18       3        0             0 cron
Sep 27 03:14:27 localhost kernel: [14956.199395] [ 1023]   122  1023    33565     1243      52       3        0             0 freshclam
Sep 27 03:14:27 localhost kernel: [14956.199397] [ 1025]     0  1025   103382      676      68       4        0             0 ModemManager
Sep 27 03:14:27 localhost kernel: [14956.199399] [ 1030]     0  1030     1099      303       8       3        0             0 acpid
Sep 27 03:14:27 localhost kernel: [14956.199401] [ 1033]     0  1033     7167       97      20       3        0             0 systemd-logind
Sep 27 03:14:27 localhost kernel: [14956.199403] [ 1036]     0  1036    21358      734      33       3        0             0 VGAuthService
Sep 27 03:14:27 localhost kernel: [14956.199405] [ 1041]     0  1041    68968      195      38       3        0             0 accounts-daemon
Sep 27 03:14:27 localhost kernel: [14956.199406] [ 1045]   106  1045    11056      557      27       3        0          -900 dbus-daemon
Sep 27 03:14:27 localhost kernel: [14956.199408] [ 1091]   111  1091    11195       81      26       3        0             0 avahi-daemon
Sep 27 03:14:27 localhost kernel: [14956.199410] [ 1104]     0  1104     3343       35      11       3        0             0 mdadm
Sep 27 03:14:27 localhost kernel: [14956.199412] [ 1108]     0  1108    69674      580      40       4        0             0 polkitd
Sep 27 03:14:27 localhost kernel: [14956.199414] [ 1129]     0  1129    16377      429      35       3        0         -1000 sshd
Sep 27 03:14:27 localhost kernel: [14956.199415] [ 1333]   109  1333    93494      405      81       3        0             0 whoopsie
Sep 27 03:14:27 localhost kernel: [14956.199417] [ 1335]     0  1335    91815     2868      62       6        0          -500 dockerd
Sep 27 03:14:27 localhost kernel: [14956.199419] [ 1350]     0  1350     1305       28       8       4        0             0 iscsid
Sep 27 03:14:27 localhost kernel: [14956.199421] [ 1351]     0  1351     1430      877       8       4        0           -17 iscsid
Sep 27 03:14:27 localhost kernel: [14956.199422] [ 1471]     0  1471    69161      187      37       3        0             0 lightdm
Sep 27 03:14:27 localhost kernel: [14956.199425] [ 1483]     0  1483     4905       81      15       3        0             0 irqbalance
Sep 27 03:14:27 localhost kernel: [14956.199427] [ 1498]     0  1498    89588    11573     143       3        0             0 Xorg
Sep 27 03:14:27 localhost kernel: [14956.199429] [ 1499]     0  1499     3984      340      13       3        0             0 agetty
Sep 27 03:14:27 localhost kernel: [14956.199430] [ 1503]     0  1503    54473      793      27       6        0          -500 docker-containe
Sep 27 03:14:27 localhost kernel: [14956.199432] [ 1532]     0  1532    60000      457     114       3        0             0 nmbd
Sep 27 03:14:27 localhost kernel: [14956.199434] [ 1534]     0  1534    71813      691     138       4        0             0 winbindd
Sep 27 03:14:27 localhost kernel: [14956.199436] [ 1538]     0  1538    73390      832     143       4        0             0 winbindd
Sep 27 03:14:27 localhost kernel: [14956.199438] [ 1554]     0  1554    57060      597      46       3        0             0 lightdm
Sep 27 03:14:27 localhost kernel: [14956.199440] [ 1561]  1000  1561    11320      359      26       3        0             0 systemd
Sep 27 03:14:27 localhost kernel: [14956.199442] [ 1563]  1000  1563    15901      557      34       3        0             0 (sd-pam)
Sep 27 03:14:27 localhost kernel: [14956.199444] [ 1568]  1000  1568    11615      675      28       3        0             0 upstart
Sep 27 03:14:27 localhost kernel: [14956.199475] [ 1576]     0  1576    84609     1096     161       3        0             0 smbd
Sep 27 03:14:27 localhost kernel: [14956.199478] [ 1579]     0  1579    82451      612     153       3        0             0 smbd
Sep 27 03:14:27 localhost kernel: [14956.199480] [ 1588]     0  1588    71816      563     137       4        0             0 winbindd
Sep 27 03:14:27 localhost kernel: [14956.199482] [ 1593]     0  1593    71815      781     138       4        0             0 winbindd
Sep 27 03:14:27 localhost kernel: [14956.199484] [ 1595]     0  1595    84609      970     157       3        0             0 smbd
Sep 27 03:14:27 localhost kernel: [14956.199486] [ 1753]  1000  1753     8215       73      19       3        0             0 upstart-udev-br
Sep 27 03:14:27 localhost kernel: [14956.199488] [ 1798]  1000  1798    10934      514      24       3        0             0 dbus-daemon
Sep 27 03:14:27 localhost kernel: [14956.199490] [ 1844]  1000  1844    21586      379      34       3        0             0 window-stack-br
Sep 27 03:14:27 localhost kernel: [14956.199491] [ 1883]  1000  1883    10314      122      21       3        0             0 upstart-file-br
Sep 27 03:14:27 localhost kernel: [14956.199493] [ 1885]  1000  1885    51303      190      33       4        0             0 gnome-keyring-d
Sep 27 03:14:27 localhost kernel: [14956.199495] [ 1895]  1000  1895     8198       73      19       3        0             0 upstart-dbus-br
Sep 27 03:14:27 localhost kernel: [14956.199497] [ 1896]  1000  1896     8198       85      18       4        0             0 upstart-dbus-br
Sep 27 03:14:27 localhost kernel: [14956.199499] [ 1901]  1000  1901    86308      400      37       3        0             0 ibus-daemon
Sep 27 03:14:27 localhost kernel: [14956.199500] [ 1923]  1000  1923    68629      262      35       3        0             0 gvfsd
Sep 27 03:14:27 localhost kernel: [14956.199502] [ 1929]  1000  1929   163413     3173     177       4        0             0 bamfdaemon
Sep 27 03:14:27 localhost kernel: [14956.199504] [ 1933]  1000  1933   101716      353      30       3        0             0 gvfsd-fuse
Sep 27 03:14:27 localhost kernel: [14956.199506] [ 1937]  1000  1937    66066      218      32       3        0             0 ibus-dconf
Sep 27 03:14:27 localhost kernel: [14956.199508] [ 1939]  1000  1939   152968     3000     178       4        0             0 ibus-ui-gtk3
Sep 27 03:14:27 localhost kernel: [14956.199510] [ 1949]  1000  1949   140544     2536     163       4        0             0 ibus-x11
Sep 27 03:14:27 localhost kernel: [14956.199511] [ 1959]  1000  1959    84507      477      33       4        0             0 at-spi-bus-laun
Sep 27 03:14:27 localhost kernel: [14956.199513] [ 1966]  1000  1966    10722      243      26       3        0             0 dbus-daemon
Sep 27 03:14:27 localhost kernel: [14956.199515] [ 1971]  1000  1971    51742      163      36       3        0             0 at-spi2-registr
Sep 27 03:14:27 localhost kernel: [14956.199516] [ 1977]  1000  1977    41634       70      16       3        0             0 gpg-agent
Sep 27 03:14:27 localhost kernel: [14956.199518] [ 1978]  1000  1978    47097      155      29       3        0             0 ibus-engine-sim
Sep 27 03:14:27 localhost kernel: [14956.199520] [ 1992]  1000  1992   179832     1540     167       3        0             0 hud-service
Sep 27 03:14:27 localhost kernel: [14956.199522] [ 1994]  1000  1994   232296     1963     177       4        0             0 unity-settings-
Sep 27 03:14:27 localhost kernel: [14956.199524] [ 2002]  1000  2002   139579      525      99       4        0             0 gnome-session-b
Sep 27 03:14:27 localhost kernel: [14956.199526] [ 2016]  1000  2016   159358     2235     130       4        0             0 unity-panel-ser
Sep 27 03:14:27 localhost kernel: [14956.199528] [ 2029]     0  2029    86791      339      53       3        0             0 upowerd
Sep 27 03:14:27 localhost kernel: [14956.199530] [ 2063]  1000  2063    88610      591      41       3        0             0 indicator-messa
Sep 27 03:14:27 localhost kernel: [14956.199532] [ 2064]  1000  2064   101785      211      34       4        0             0 indicator-bluet
Sep 27 03:14:27 localhost kernel: [14956.199534] [ 2066]  1000  2066   109312      392      43       3        0             0 indicator-power
Sep 27 03:14:27 localhost kernel: [14956.199535] [ 2067]  1000  2067   308237     1003      99       4        0             0 indicator-datet
Sep 27 03:14:27 localhost kernel: [14956.199537] [ 2070]  1000  2070   181244     1833     135       4        0             0 indicator-keybo
Sep 27 03:14:27 localhost kernel: [14956.199539] [ 2073]  1000  2073   165820      355      67       4        0             0 indicator-sound
Sep 27 03:14:27 localhost kernel: [14956.199540] [ 2076]  1000  2076   155758     1432     132       4        0             0 indicator-print
Sep 27 03:14:27 localhost kernel: [14956.199542] [ 2082]  1000  2082   156304      209      42       4        0             0 indicator-sessi
Sep 27 03:14:27 localhost kernel: [14956.199544] [ 2087]  1000  2087    44698      495      23       3        0             0 dconf-service
Sep 27 03:14:27 localhost kernel: [14956.199574] [ 2088]  1000  2088   100787      378      90       3        0             0 indicator-appli
Sep 27 03:14:27 localhost kernel: [14956.199576] [ 2128]  1000  2128   327112     1013     170       4        0             0 evolution-sourc
Sep 27 03:14:27 localhost kernel: [14956.199578] [ 2147]  1000  2147    88612      764      82       3        0             0 pulseaudio
Sep 27 03:14:27 localhost kernel: [14956.199580] [ 2152]   118  2152    45886      454      25       3        0             0 rtkit-daemon
Sep 27 03:14:27 localhost kernel: [14956.199582] [ 2159]   113  2159    75281     1048      49       3        0             0 colord
Sep 27 03:14:27 localhost kernel: [14956.199584] [ 2186]  1000  2186   215716     9865     197       4        0             0 evolution-calen
Sep 27 03:14:27 localhost kernel: [14956.199586] [ 2188]  1000  2188   185002     2192     143       3        0             0 nm-applet
Sep 27 03:14:27 localhost kernel: [14956.199588] [ 2191]  1000  2191   144581     1229     113       4        0             0 unity-fallback-
Sep 27 03:14:27 localhost kernel: [14956.199590] [ 2194]  1000  2194   133467     1667     145       3        0             0 vmtoolsd
Sep 27 03:14:27 localhost kernel: [14956.199592] [ 2197]  1000  2197   107710     1480     108       3        0             0 polkit-gnome-au
Sep 27 03:14:27 localhost kernel: [14956.199593] [ 2198]  1000  2198   326874     5118     193       4        0             0 nautilus
Sep 27 03:14:27 localhost kernel: [14956.199595] [ 2226]  1000  2226   409434    26027     345       4        0             0 compiz
Sep 27 03:14:27 localhost kernel: [14956.199597] [ 2228]  1000  2228    71329      496      42       3        0             0 gvfs-udisks2-vo
Sep 27 03:14:27 localhost kernel: [14956.199599] [ 2237]     0  2237    91697      418      44       3        0             0 udisksd
Sep 27 03:14:27 localhost kernel: [14956.199601] [ 2249]  1000  2249   100901      588      51       3        0             0 gvfs-afc-volume
Sep 27 03:14:27 localhost kernel: [14956.199603] [ 2256]  1000  2256    64382      344      28       4        0             0 gvfs-goa-volume
Sep 27 03:14:27 localhost kernel: [14956.199605] [ 2261]  1000  2261    64880      278      30       3        0             0 gvfs-mtp-volume
Sep 27 03:14:27 localhost kernel: [14956.199606] [ 2266]  1000  2266    67929      275      34       4        0             0 gvfs-gphoto2-vo
Sep 27 03:14:27 localhost kernel: [14956.199608] [ 2277]  1000  2277   201923     9119     106       3        0             0 evolution-calen
Sep 27 03:14:27 localhost kernel: [14956.199610] [ 2280]  1000  2280    87642      446      36       3        0             0 gvfsd-trash
Sep 27 03:14:27 localhost kernel: [14956.199612] [ 2296]  1000  2296   172647     1085     118       3        0             0 evolution-addre
Sep 27 03:14:27 localhost kernel: [14956.199614] [ 2297]  1000  2297   200034     9278     105       4        0             0 evolution-calen
Sep 27 03:14:27 localhost kernel: [14956.199615] [ 2304]  1000  2304   226339      635     101       4        0             0 evolution-addre
Sep 27 03:14:27 localhost kernel: [14956.199617] [ 2321]  1000  2321    46679      647      28       3        0             0 gvfsd-metadata
Sep 27 03:14:27 localhost kernel: [14956.199619] [ 2596]  1000  2596   125497      603     103       4        0             0 zeitgeist-datah
Sep 27 03:14:27 localhost kernel: [14956.199621] [ 2603]  1000  2603     1126      175       8       3        0             0 sh
Sep 27 03:14:27 localhost kernel: [14956.199623] [ 2610]  1000  2610    86233      346      34       4        0             0 zeitgeist-daemo
Sep 27 03:14:27 localhost kernel: [14956.199625] [ 2618]  1000  2618    79296      756      48       3        0             0 zeitgeist-fts
Sep 27 03:14:27 localhost kernel: [14956.199627] [ 2780]  1000  2780   161243      949      71       4        0             0 unity-scope-hom
Sep 27 03:14:27 localhost kernel: [14956.199628] [ 2790]  1000  2790   176124      881      62       3        0             0 unity-files-dae
Sep 27 03:14:27 localhost kernel: [14956.199630] [ 2791]  1000  2791   162168     2017      72       4        0             0 unity-scope-loa
Sep 27 03:14:27 localhost kernel: [14956.199632] [ 3042]  1000  3042   127301      199      48       4        0             0 deja-dup-monito
Sep 27 03:14:27 localhost kernel: [14956.199635] [ 3166]     0  3166    23308      321      47       3        0             0 cupsd
Sep 27 03:14:27 localhost kernel: [14956.199637] [ 3168]     0  3168    68703      320      67       4        0             0 cups-browsed
Sep 27 03:14:27 localhost kernel: [14956.199639] [37821]     0 37821   112361      708      72       4        0             0 NetworkManager
Sep 27 03:14:27 localhost kernel: [14956.199641] [37838] 65534 37838    13216      165      29       3        0             0 dnsmasq
Sep 27 03:14:27 localhost kernel: [14956.199644] [37871]  1000 37871   122425     2003     127       4        0             0 notify-osd
Sep 27 03:14:27 localhost kernel: [14956.199645] [38456]  1000 38456   567589    55061     437       5        0             0 firefox
Sep 27 03:14:27 localhost kernel: [14956.199647] [38531]  1000 38531   426977    35818     310       5        0             0 Web Content
Sep 27 03:14:27 localhost kernel: [14956.199677] [38603]  1000 38603   377015     5772     199       4        0             0 WebExtensions
Sep 27 03:14:27 localhost kernel: [14956.199680] [39078]  1000 39078   493781    45021     430       5        0             0 Web Content
Sep 27 03:14:27 localhost kernel: [14956.199682] [39611]     0 39611     4032      626      13       3        0             0 dhclient
Sep 27 03:14:27 localhost kernel: [14956.199684] [39912]  1000 39912   463426    56765     378       5        0             0 Web Content
Sep 27 03:14:27 localhost kernel: [14956.199686] [40297]  1000 40297   137006     1878     120       4        0             0 unity-panel-ser
Sep 27 03:14:27 localhost kernel: [14956.199689] [40450]   122 40450    98776    65020     171       3        0             0 freshclam
Sep 27 03:14:27 localhost kernel: [14956.199690] Out of memory: Kill process 40450 (freshclam) score 128 or sacrifice child
Sep 27 03:14:27 localhost kernel: [14956.199695] Killed process 40450 (freshclam) total-vm:395104kB, anon-rss:259624kB, file-rss:456kB
Sep 27 03:14:27 localhost freshclam[1023]: Sun Sep 27 03:14:27 2020 -> !Database load killed by signal 9
Sep 27 03:14:27 localhost freshclam[1023]: Sun Sep 27 03:14:27 2020 -> !Failed to load new database
Sep 27 03:16:24 localhost dhclient[39611]: DHCPREQUEST of 172.16.250.186 on ens33 to 172.16.250.254 port 67 (xid=0x56f20db7)
Sep 27 03:16:24 localhost dhclient[39611]: DHCPACK of 172.16.250.186 from 172.16.250.254
Sep 27 03:16:24 localhost NetworkManager[37821]: <info>  [1601176584.6778]   address 172.16.250.186
Sep 27 03:16:24 localhost NetworkManager[37821]: <info>  [1601176584.6782]   plen 24 (255.255.255.0)
Sep 27 03:16:24 localhost NetworkManager[37821]: <info>  [1601176584.6782]   gateway 172.16.250.2
Sep 27 03:16:24 localhost NetworkManager[37821]: <info>  [1601176584.6782]   server identifier 172.16.250.254
Sep 27 03:16:24 localhost NetworkManager[37821]: <info>  [1601176584.6783]   lease time 1800
Sep 27 03:16:24 localhost NetworkManager[37821]: <info>  [1601176584.6783]   nameserver '172.16.250.2'
Sep 27 03:16:24 localhost NetworkManager[37821]: <info>  [1601176584.6783]   domain name 'localdomain'
Sep 27 03:16:24 localhost NetworkManager[37821]: <info>  [1601176584.6783]   wins '172.16.250.2'
Sep 27 03:16:24 localhost NetworkManager[37821]: <info>  [1601176584.6785] dhcp4 (ens33): state changed bound -> bound
Sep 27 03:16:24 localhost dbus[1045]: [system] Activating via systemd: service name='org.freedesktop.nm_dispatcher' unit='dbus-org.freedesktop.nm-dispatcher.service'
Sep 27 03:16:24 localhost dhclient[39611]: bound to 172.16.250.186 -- renewal in 681 seconds.
Sep 27 03:16:24 localhost systemd[1]: Starting Network Manager Script Dispatcher Service...
Sep 27 03:16:24 localhost dbus[1045]: [system] Successfully activated service 'org.freedesktop.nm_dispatcher'
Sep 27 03:16:24 localhost systemd[1]: Started Network Manager Script Dispatcher Service.
Sep 27 03:16:24 localhost nm-dispatcher: req:1 'dhcp4-change' [ens33]: new request (1 scripts)
Sep 27 03:16:24 localhost nm-dispatcher: req:1 'dhcp4-change' [ens33]: start running ordered scripts...
Sep 27 03:17:01 localhost CRON[40470]: (root) CMD (   cd / && run-parts --report /etc/cron.hourly)
Sep 27 03:17:54 localhost systemd[1]: dev-disk-by\x2duuid-93f15e36\x2dae68\x2d43e7\x2d9951\x2daa471315d749.device: Job dev-disk-by\x2duuid-93f15e36\x2dae68\x2d43e7\x2d9951\x2daa471315d749.device/start timed out.
Sep 27 03:17:54 localhost systemd[1]: Timed out waiting for device dev-disk-by\x2duuid-93f15e36\x2dae68\x2d43e7\x2d9951\x2daa471315d749.device.
Sep 27 03:17:54 localhost systemd[1]: Dependency failed for /dev/disk/by-uuid/93f15e36-ae68-43e7-9951-aa471315d749.
Sep 27 03:17:54 localhost systemd[1]: dev-disk-by\x2duuid-93f15e36\x2dae68\x2d43e7\x2d9951\x2daa471315d749.swap: Job dev-disk-by\x2duuid-93f15e36\x2dae68\x2d43e7\x2d9951\x2daa471315d749.swap/start failed with result 'dependency'.
Sep 27 03:17:54 localhost systemd[1]: dev-disk-by\x2duuid-93f15e36\x2dae68\x2d43e7\x2d9951\x2daa471315d749.device: Job dev-disk-by\x2duuid-93f15e36\x2dae68\x2d43e7\x2d9951\x2daa471315d749.device/start failed with result 'timeout'.
Sep 27 03:27:45 localhost dhclient[39611]: DHCPREQUEST of 172.16.250.186 on ens33 to 172.16.250.254 port 67 (xid=0x56f20db7)
Sep 27 03:27:45 localhost dhclient[39611]: DHCPACK of 172.16.250.186 from 172.16.250.254
Sep 27 03:27:45 localhost NetworkManager[37821]: <info>  [1601177265.5286]   address 172.16.250.186
Sep 27 03:27:45 localhost NetworkManager[37821]: <info>  [1601177265.5287]   plen 24 (255.255.255.0)
Sep 27 03:27:45 localhost NetworkManager[37821]: <info>  [1601177265.5287]   gateway 172.16.250.2
Sep 27 03:27:45 localhost NetworkManager[37821]: <info>  [1601177265.5287]   server identifier 172.16.250.254
Sep 27 03:27:45 localhost NetworkManager[37821]: <info>  [1601177265.5287]   lease time 1800
Sep 27 03:27:45 localhost NetworkManager[37821]: <info>  [1601177265.5288]   nameserver '172.16.250.2'
Sep 27 03:27:45 localhost NetworkManager[37821]: <info>  [1601177265.5288]   domain name 'localdomain'
Sep 27 03:27:45 localhost NetworkManager[37821]: <info>  [1601177265.5288]   wins '172.16.250.2'
Sep 27 03:27:45 localhost NetworkManager[37821]: <info>  [1601177265.5288] dhcp4 (ens33): state changed bound -> bound
Sep 27 03:27:45 localhost dbus[1045]: [system] Activating via systemd: service name='org.freedesktop.nm_dispatcher' unit='dbus-org.freedesktop.nm-dispatcher.service'
Sep 27 03:27:45 localhost dhclient[39611]: bound to 172.16.250.186 -- renewal in 749 seconds.
Sep 27 03:27:45 localhost systemd[1]: Starting Network Manager Script Dispatcher Service...
Sep 27 03:27:45 localhost dbus[1045]: [system] Successfully activated service 'org.freedesktop.nm_dispatcher'
Sep 27 03:27:45 localhost systemd[1]: Started Network Manager Script Dispatcher Service.
Sep 27 03:27:45 localhost nm-dispatcher: req:1 'dhcp4-change' [ens33]: new request (1 scripts)
Sep 27 03:27:45 localhost nm-dispatcher: req:1 'dhcp4-change' [ens33]: start running ordered scripts...
Sep 27 03:29:15 localhost systemd[1]: dev-disk-by\x2duuid-93f15e36\x2dae68\x2d43e7\x2d9951\x2daa471315d749.device: Job dev-disk-by\x2duuid-93f15e36\x2dae68\x2d43e7\x2d9951\x2daa471315d749.device/start timed out.
Sep 27 03:29:15 localhost systemd[1]: Timed out waiting for device dev-disk-by\x2duuid-93f15e36\x2dae68\x2d43e7\x2d9951\x2daa471315d749.device.
Sep 27 03:29:15 localhost systemd[1]: Dependency failed for /dev/disk/by-uuid/93f15e36-ae68-43e7-9951-aa471315d749.
Sep 27 03:29:15 localhost systemd[1]: dev-disk-by\x2duuid-93f15e36\x2dae68\x2d43e7\x2d9951\x2daa471315d749.swap: Job dev-disk-by\x2duuid-93f15e36\x2dae68\x2d43e7\x2d9951\x2daa471315d749.swap/start failed with result 'dependency'.
Sep 27 03:29:15 localhost systemd[1]: dev-disk-by\x2duuid-93f15e36\x2dae68\x2d43e7\x2d9951\x2daa471315d749.device: Job dev-disk-by\x2duuid-93f15e36\x2dae68\x2d43e7\x2d9951\x2daa471315d749.device/start failed with result 'timeout'.
Sep 27 03:40:14 localhost dhclient[39611]: DHCPREQUEST of 172.16.250.186 on ens33 to 172.16.250.254 port 67 (xid=0x56f20db7)
Sep 27 03:40:14 localhost dhclient[39611]: DHCPACK of 172.16.250.186 from 172.16.250.254
Sep 27 03:40:14 localhost NetworkManager[37821]: <info>  [1601178014.9732]   address 172.16.250.186
Sep 27 03:40:14 localhost NetworkManager[37821]: <info>  [1601178014.9741]   plen 24 (255.255.255.0)
Sep 27 03:40:14 localhost NetworkManager[37821]: <info>  [1601178014.9744]   gateway 172.16.250.2
Sep 27 03:40:14 localhost NetworkManager[37821]: <info>  [1601178014.9747]   server identifier 172.16.250.254
Sep 27 03:40:14 localhost NetworkManager[37821]: <info>  [1601178014.9749]   lease time 1800
Sep 27 03:40:14 localhost NetworkManager[37821]: <info>  [1601178014.9751]   nameserver '172.16.250.2'
Sep 27 03:40:14 localhost NetworkManager[37821]: <info>  [1601178014.9753]   domain name 'localdomain'
Sep 27 03:40:14 localhost NetworkManager[37821]: <info>  [1601178014.9757]   wins '172.16.250.2'
Sep 27 03:40:14 localhost NetworkManager[37821]: <info>  [1601178014.9759] dhcp4 (ens33): state changed bound -> bound
Sep 27 03:40:14 localhost dbus[1045]: [system] Activating via systemd: service name='org.freedesktop.nm_dispatcher' unit='dbus-org.freedesktop.nm-dispatcher.service'
Sep 27 03:40:14 localhost dhclient[39611]: bound to 172.16.250.186 -- renewal in 681 seconds.
Sep 27 03:40:14 localhost systemd[1]: Starting Network Manager Script Dispatcher Service...
Sep 27 03:40:15 localhost dbus[1045]: [system] Successfully activated service 'org.freedesktop.nm_dispatcher'
Sep 27 03:40:15 localhost systemd[1]: Started Network Manager Script Dispatcher Service.
Sep 27 03:40:15 localhost nm-dispatcher: req:1 'dhcp4-change' [ens33]: new request (1 scripts)
Sep 27 03:40:15 localhost nm-dispatcher: req:1 'dhcp4-change' [ens33]: start running ordered scripts...
Sep 27 03:41:45 localhost systemd[1]: dev-disk-by\x2duuid-93f15e36\x2dae68\x2d43e7\x2d9951\x2daa471315d749.device: Job dev-disk-by\x2duuid-93f15e36\x2dae68\x2d43e7\x2d9951\x2daa471315d749.device/start timed out.
Sep 27 03:41:45 localhost systemd[1]: Timed out waiting for device dev-disk-by\x2duuid-93f15e36\x2dae68\x2d43e7\x2d9951\x2daa471315d749.device.
Sep 27 03:41:45 localhost systemd[1]: Dependency failed for /dev/disk/by-uuid/93f15e36-ae68-43e7-9951-aa471315d749.
Sep 27 03:41:45 localhost systemd[1]: dev-disk-by\x2duuid-93f15e36\x2dae68\x2d43e7\x2d9951\x2daa471315d749.swap: Job dev-disk-by\x2duuid-93f15e36\x2dae68\x2d43e7\x2d9951\x2daa471315d749.swap/start failed with result 'dependency'.
Sep 27 03:41:45 localhost systemd[1]: dev-disk-by\x2duuid-93f15e36\x2dae68\x2d43e7\x2d9951\x2daa471315d749.device: Job dev-disk-by\x2duuid-93f15e36\x2dae68\x2d43e7\x2d9951\x2daa471315d749.device/start failed with result 'timeout'.
Sep 27 03:51:36 localhost dhclient[39611]: DHCPREQUEST of 172.16.250.186 on ens33 to 172.16.250.254 port 67 (xid=0x56f20db7)
Sep 27 03:51:36 localhost dhclient[39611]: DHCPACK of 172.16.250.186 from 172.16.250.254
Sep 27 03:51:36 localhost NetworkManager[37821]: <info>  [1601178696.0356]   address 172.16.250.186
Sep 27 03:51:36 localhost NetworkManager[37821]: <info>  [1601178696.0357]   plen 24 (255.255.255.0)
Sep 27 03:51:36 localhost NetworkManager[37821]: <info>  [1601178696.0357]   gateway 172.16.250.2
Sep 27 03:51:36 localhost NetworkManager[37821]: <info>  [1601178696.0357]   server identifier 172.16.250.254
Sep 27 03:51:36 localhost NetworkManager[37821]: <info>  [1601178696.0357]   lease time 1800
Sep 27 03:51:36 localhost NetworkManager[37821]: <info>  [1601178696.0357]   nameserver '172.16.250.2'
Sep 27 03:51:36 localhost NetworkManager[37821]: <info>  [1601178696.0357]   domain name 'localdomain'
Sep 27 03:51:36 localhost NetworkManager[37821]: <info>  [1601178696.0357]   wins '172.16.250.2'
Sep 27 03:51:36 localhost NetworkManager[37821]: <info>  [1601178696.0358] dhcp4 (ens33): state changed bound -> bound
Sep 27 03:51:36 localhost dbus[1045]: [system] Activating via systemd: service name='org.freedesktop.nm_dispatcher' unit='dbus-org.freedesktop.nm-dispatcher.service'
Sep 27 03:51:36 localhost dhclient[39611]: bound to 172.16.250.186 -- renewal in 759 seconds.
Sep 27 03:51:36 localhost systemd[1]: Starting Network Manager Script Dispatcher Service...
Sep 27 03:51:36 localhost dbus[1045]: [system] Successfully activated service 'org.freedesktop.nm_dispatcher'
Sep 27 03:51:36 localhost systemd[1]: Started Network Manager Script Dispatcher Service.
Sep 27 03:51:36 localhost nm-dispatcher: req:1 'dhcp4-change' [ens33]: new request (1 scripts)
Sep 27 03:51:36 localhost nm-dispatcher: req:1 'dhcp4-change' [ens33]: start running ordered scripts...
Sep 27 03:53:06 localhost systemd[1]: dev-disk-by\x2duuid-93f15e36\x2dae68\x2d43e7\x2d9951\x2daa471315d749.device: Job dev-disk-by\x2duuid-93f15e36\x2dae68\x2d43e7\x2d9951\x2daa471315d749.device/start timed out.
Sep 27 03:53:06 localhost systemd[1]: Timed out waiting for device dev-disk-by\x2duuid-93f15e36\x2dae68\x2d43e7\x2d9951\x2daa471315d749.device.
Sep 27 03:53:06 localhost systemd[1]: Dependency failed for /dev/disk/by-uuid/93f15e36-ae68-43e7-9951-aa471315d749.
Sep 27 03:53:06 localhost systemd[1]: dev-disk-by\x2duuid-93f15e36\x2dae68\x2d43e7\x2d9951\x2daa471315d749.swap: Job dev-disk-by\x2duuid-93f15e36\x2dae68\x2d43e7\x2d9951\x2daa471315d749.swap/start failed with result 'dependency'.
Sep 27 03:53:06 localhost systemd[1]: dev-disk-by\x2duuid-93f15e36\x2dae68\x2d43e7\x2d9951\x2daa471315d749.device: Job dev-disk-by\x2duuid-93f15e36\x2dae68\x2d43e7\x2d9951\x2daa471315d749.device/start failed with result 'timeout'.
Sep 27 04:04:15 localhost dhclient[39611]: DHCPREQUEST of 172.16.250.186 on ens33 to 172.16.250.254 port 67 (xid=0x56f20db7)
Sep 27 04:04:15 localhost dhclient[39611]: DHCPACK of 172.16.250.186 from 172.16.250.254
Sep 27 04:04:15 localhost NetworkManager[37821]: <info>  [1601179455.2397]   address 172.16.250.186
Sep 27 04:04:15 localhost NetworkManager[37821]: <info>  [1601179455.2397]   plen 24 (255.255.255.0)
Sep 27 04:04:15 localhost NetworkManager[37821]: <info>  [1601179455.2398]   gateway 172.16.250.2
Sep 27 04:04:15 localhost NetworkManager[37821]: <info>  [1601179455.2398]   server identifier 172.16.250.254
Sep 27 04:04:15 localhost NetworkManager[37821]: <info>  [1601179455.2398]   lease time 1800
Sep 27 04:04:15 localhost NetworkManager[37821]: <info>  [1601179455.2398]   nameserver '172.16.250.2'
Sep 27 04:04:15 localhost NetworkManager[37821]: <info>  [1601179455.2399]   domain name 'localdomain'
Sep 27 04:04:15 localhost NetworkManager[37821]: <info>  [1601179455.2399]   wins '172.16.250.2'
Sep 27 04:04:15 localhost NetworkManager[37821]: <info>  [1601179455.2399] dhcp4 (ens33): state changed bound -> bound
Sep 27 04:04:15 localhost dbus[1045]: [system] Activating via systemd: service name='org.freedesktop.nm_dispatcher' unit='dbus-org.freedesktop.nm-dispatcher.service'
Sep 27 04:04:15 localhost dhclient[39611]: bound to 172.16.250.186 -- renewal in 683 seconds.
Sep 27 04:04:15 localhost systemd[1]: Starting Network Manager Script Dispatcher Service...
Sep 27 04:04:15 localhost dbus[1045]: [system] Successfully activated service 'org.freedesktop.nm_dispatcher'
Sep 27 04:04:15 localhost systemd[1]: Started Network Manager Script Dispatcher Service.
Sep 27 04:04:15 localhost nm-dispatcher: req:1 'dhcp4-change' [ens33]: new request (1 scripts)
Sep 27 04:04:15 localhost nm-dispatcher: req:1 'dhcp4-change' [ens33]: start running ordered scripts...
Sep 27 04:05:45 localhost systemd[1]: dev-disk-by\x2duuid-93f15e36\x2dae68\x2d43e7\x2d9951\x2daa471315d749.device: Job dev-disk-by\x2duuid-93f15e36\x2dae68\x2d43e7\x2d9951\x2daa471315d749.device/start timed out.
Sep 27 04:05:45 localhost systemd[1]: Timed out waiting for device dev-disk-by\x2duuid-93f15e36\x2dae68\x2d43e7\x2d9951\x2daa471315d749.device.
Sep 27 04:05:45 localhost systemd[1]: Dependency failed for /dev/disk/by-uuid/93f15e36-ae68-43e7-9951-aa471315d749.
Sep 27 04:05:45 localhost systemd[1]: dev-disk-by\x2duuid-93f15e36\x2dae68\x2d43e7\x2d9951\x2daa471315d749.swap: Job dev-disk-by\x2duuid-93f15e36\x2dae68\x2d43e7\x2d9951\x2daa471315d749.swap/start failed with result 'dependency'.
Sep 27 04:05:45 localhost systemd[1]: dev-disk-by\x2duuid-93f15e36\x2dae68\x2d43e7\x2d9951\x2daa471315d749.device: Job dev-disk-by\x2duuid-93f15e36\x2dae68\x2d43e7\x2d9951\x2daa471315d749.device/start failed with result 'timeout'.
Sep 27 04:14:27 localhost freshclam[1023]: Sun Sep 27 04:14:27 2020 -> Received signal: wake up
Sep 27 04:14:27 localhost freshclam[1023]: Sun Sep 27 04:14:27 2020 -> ClamAV update process started at Sun Sep 27 04:14:27 2020
Sep 27 04:14:27 localhost freshclam[1023]: Sun Sep 27 04:14:27 2020 -> main.cld is up to date (version: 59, sigs: 4564902, f-level: 60, builder: sigmgr)
Sep 27 04:14:29 localhost freshclam[1023]: Sun Sep 27 04:14:29 2020 -> Downloading daily-25934.cdiff [100%]
Sep 27 04:14:29 localhost freshclam[1023]: Sun Sep 27 04:14:29 2020 -> Downloading daily-25935.cdiff [100%]
Sep 27 04:14:30 localhost freshclam[1023]: Sun Sep 27 04:14:30 2020 -> Downloading daily-25936.cdiff [100%]
Sep 27 04:14:30 localhost freshclam[1023]: Sun Sep 27 04:14:30 2020 -> Downloading daily-25937.cdiff [100%]
Sep 27 04:14:31 localhost freshclam[1023]: Sun Sep 27 04:14:31 2020 -> Downloading daily-25938.cdiff [100%]
Sep 27 04:14:31 localhost freshclam[1023]: Sun Sep 27 04:14:31 2020 -> Downloading daily-25939.cdiff [100%]
Sep 27 04:14:41 localhost kernel: [18569.620635] dockerd invoked oom-killer: gfp_mask=0x24201ca, order=0, oom_score_adj=-500
Sep 27 04:14:41 localhost kernel: [18569.620638] dockerd cpuset=/ mems_allowed=0
Sep 27 04:14:41 localhost kernel: [18569.620666] CPU: 0 PID: 1440 Comm: dockerd Not tainted 4.4.0-131-generic #157-Ubuntu
Sep 27 04:14:41 localhost kernel: [18569.620667] Hardware name: VMware, Inc. VMware Virtual Platform/440BX Desktop Reference Platform, BIOS 6.00 07/29/2019
Sep 27 04:14:41 localhost kernel: [18569.620668]  0000000000000286 14f9ca3f33a0a3ee ffff8800739879e8 ffffffff81401c43
Sep 27 04:14:41 localhost kernel: [18569.620670]  ffff880073987ba0 ffff88000ef23800 ffff880073987a58 ffffffff81211a1e
Sep 27 04:14:41 localhost kernel: [18569.620672]  ffff880003499c00 ffff88000349d758 ffff88000349d400 ffff880073987ba0
Sep 27 04:14:41 localhost kernel: [18569.620673] Call Trace:
Sep 27 04:14:41 localhost kernel: [18569.620725]  [<ffffffff81401c43>] dump_stack+0x63/0x90
Sep 27 04:14:41 localhost kernel: [18569.620751]  [<ffffffff81211a1e>] dump_header+0x5a/0x1c5
Sep 27 04:14:41 localhost kernel: [18569.620778]  [<ffffffff81197dd2>] oom_kill_process+0x202/0x3c0
Sep 27 04:14:41 localhost kernel: [18569.620780]  [<ffffffff811981f9>] out_of_memory+0x219/0x460
Sep 27 04:14:41 localhost kernel: [18569.620806]  [<ffffffff8119e245>] __alloc_pages_slowpath.constprop.88+0x965/0xb00
Sep 27 04:14:41 localhost kernel: [18569.620808]  [<ffffffff8119e668>] __alloc_pages_nodemask+0x288/0x2a0
Sep 27 04:14:41 localhost kernel: [18569.620834]  [<ffffffff811e841c>] alloc_pages_current+0x8c/0x110
Sep 27 04:14:41 localhost kernel: [18569.620836]  [<ffffffff8119429b>] __page_cache_alloc+0xab/0xc0
Sep 27 04:14:41 localhost kernel: [18569.620838]  [<ffffffff81196840>] filemap_fault+0x160/0x440
