Sep 27 04:30:52 localhost systemd[1]: Dependency failed for /dev/disk/by-uuid/93f15e36-ae68-43e7-9951-aa471315d749.
Sep 27 04:30:52 localhost systemd[1]: dev-disk-by\x2duuid-93f15e36\x2dae68\x2d43e7\x2d9951\x2daa471315d749.swap: Job dev-disk-by\x2duuid-93f15e36\x2dae68\x2d43e7\x2d9951\x2daa471315d749.swap/start failed with result 'dependency'.
Sep 27 04:30:52 localhost systemd[1]: dev-disk-by\x2duuid-93f15e36\x2dae68\x2d43e7\x2d9951\x2daa471315d749.device: Job dev-disk-by\x2duuid-93f15e36\x2dae68\x2d43e7\x2d9951\x2daa471315d749.device/start failed with result 'timeout'.
Sep 27 04:44:12 localhost dhclient[39611]: DHCPREQUEST of 172.16.250.186 on ens33 to 172.16.250.254 port 67 (xid=0x56f20db7)
Sep 27 04:44:12 localhost dhclient[39611]: DHCPACK of 172.16.250.186 from 172.16.250.254
Sep 27 04:44:12 localhost NetworkManager[37821]: <info>  [1601181852.8709]   address 172.16.250.186
Sep 27 04:44:12 localhost NetworkManager[37821]: <info>  [1601181852.8717]   plen 24 (255.255.255.0)
Sep 27 04:44:12 localhost NetworkManager[37821]: <info>  [1601181852.8720]   gateway 172.16.250.2
Sep 27 04:44:12 localhost NetworkManager[37821]: <info>  [1601181852.8723]   server identifier 172.16.250.254
Sep 27 04:44:12 localhost NetworkManager[37821]: <info>  [1601181852.8725]   lease time 1800
Sep 27 04:44:12 localhost NetworkManager[37821]: <info>  [1601181852.8727]   nameserver '172.16.250.2'
Sep 27 04:44:12 localhost NetworkManager[37821]: <info>  [1601181852.8729]   domain name 'localdomain'
Sep 27 04:44:12 localhost NetworkManager[37821]: <info>  [1601181852.8732]   wins '172.16.250.2'
Sep 27 04:44:12 localhost NetworkManager[37821]: <info>  [1601181852.8735] dhcp4 (ens33): state changed bound -> bound
Sep 27 04:44:12 localhost dbus[1045]: [system] Activating via systemd: service name='org.freedesktop.nm_dispatcher' unit='dbus-org.freedesktop.nm-dispatcher.service'
Sep 27 04:44:12 localhost dhclient[39611]: bound to 172.16.250.186 -- renewal in 822 seconds.
Sep 27 04:44:12 localhost systemd[1]: Starting Network Manager Script Dispatcher Service...
Sep 27 04:44:12 localhost dbus[1045]: [system] Successfully activated service 'org.freedesktop.nm_dispatcher'
Sep 27 04:44:12 localhost systemd[1]: Started Network Manager Script Dispatcher Service.
Sep 27 04:44:12 localhost nm-dispatcher: req:1 'dhcp4-change' [ens33]: new request (1 scripts)
Sep 27 04:44:12 localhost nm-dispatcher: req:1 'dhcp4-change' [ens33]: start running ordered scripts...
Sep 27 04:45:43 localhost systemd[1]: dev-disk-by\x2duuid-93f15e36\x2dae68\x2d43e7\x2d9951\x2daa471315d749.device: Job dev-disk-by\x2duuid-93f15e36\x2dae68\x2d43e7\x2d9951\x2daa471315d749.device/start timed out.
Sep 27 04:45:43 localhost systemd[1]: Timed out waiting for device dev-disk-by\x2duuid-93f15e36\x2dae68\x2d43e7\x2d9951\x2daa471315d749.device.
Sep 27 04:45:43 localhost systemd[1]: Dependency failed for /dev/disk/by-uuid/93f15e36-ae68-43e7-9951-aa471315d749.
Sep 27 04:45:43 localhost systemd[1]: dev-disk-by\x2duuid-93f15e36\x2dae68\x2d43e7\x2d9951\x2daa471315d749.swap: Job dev-disk-by\x2duuid-93f15e36\x2dae68\x2d43e7\x2d9951\x2daa471315d749.swap/start failed with result 'dependency'.
Sep 27 04:45:43 localhost systemd[1]: dev-disk-by\x2duuid-93f15e36\x2dae68\x2d43e7\x2d9951\x2daa471315d749.device: Job dev-disk-by\x2duuid-93f15e36\x2dae68\x2d43e7\x2d9951\x2daa471315d749.device/start failed with result 'timeout'.
Sep 27 04:57:54 localhost dhclient[39611]: DHCPREQUEST of 172.16.250.186 on ens33 to 172.16.250.254 port 67 (xid=0x56f20db7)
Sep 27 04:57:54 localhost dhclient[39611]: DHCPACK of 172.16.250.186 from 172.16.250.254
Sep 27 04:57:54 localhost NetworkManager[37821]: <info>  [1601182674.5659]   address 172.16.250.186
Sep 27 04:57:54 localhost NetworkManager[37821]: <info>  [1601182674.5663]   plen 24 (255.255.255.0)
Sep 27 04:57:54 localhost NetworkManager[37821]: <info>  [1601182674.5665]   gateway 172.16.250.2
Sep 27 04:57:54 localhost NetworkManager[37821]: <info>  [1601182674.5667]   server identifier 172.16.250.254
Sep 27 04:57:54 localhost NetworkManager[37821]: <info>  [1601182674.5668]   lease time 1800
Sep 27 04:57:54 localhost NetworkManager[37821]: <info>  [1601182674.5670]   nameserver '172.16.250.2'
Sep 27 04:57:54 localhost NetworkManager[37821]: <info>  [1601182674.5673]   domain name 'localdomain'
Sep 27 04:57:54 localhost NetworkManager[37821]: <info>  [1601182674.5676]   wins '172.16.250.2'
Sep 27 04:57:54 localhost NetworkManager[37821]: <info>  [1601182674.5679] dhcp4 (ens33): state changed bound -> bound
Sep 27 04:57:54 localhost dbus[1045]: [system] Activating via systemd: service name='org.freedesktop.nm_dispatcher' unit='dbus-org.freedesktop.nm-dispatcher.service'
Sep 27 04:57:54 localhost dhclient[39611]: bound to 172.16.250.186 -- renewal in 765 seconds.
Sep 27 04:57:54 localhost systemd[1]: Starting Network Manager Script Dispatcher Service...
Sep 27 04:57:54 localhost dbus[1045]: [system] Successfully activated service 'org.freedesktop.nm_dispatcher'
Sep 27 04:57:54 localhost systemd[1]: Started Network Manager Script Dispatcher Service.
Sep 27 04:57:54 localhost nm-dispatcher: req:1 'dhcp4-change' [ens33]: new request (1 scripts)
Sep 27 04:57:54 localhost nm-dispatcher: req:1 'dhcp4-change' [ens33]: start running ordered scripts...
Sep 27 04:59:24 localhost systemd[1]: dev-disk-by\x2duuid-93f15e36\x2dae68\x2d43e7\x2d9951\x2daa471315d749.device: Job dev-disk-by\x2duuid-93f15e36\x2dae68\x2d43e7\x2d9951\x2daa471315d749.device/start timed out.
Sep 27 04:59:24 localhost systemd[1]: Timed out waiting for device dev-disk-by\x2duuid-93f15e36\x2dae68\x2d43e7\x2d9951\x2daa471315d749.device.
Sep 27 04:59:24 localhost systemd[1]: Dependency failed for /dev/disk/by-uuid/93f15e36-ae68-43e7-9951-aa471315d749.
Sep 27 04:59:24 localhost systemd[1]: dev-disk-by\x2duuid-93f15e36\x2dae68\x2d43e7\x2d9951\x2daa471315d749.swap: Job dev-disk-by\x2duuid-93f15e36\x2dae68\x2d43e7\x2d9951\x2daa471315d749.swap/start failed with result 'dependency'.
Sep 27 04:59:24 localhost systemd[1]: dev-disk-by\x2duuid-93f15e36\x2dae68\x2d43e7\x2d9951\x2daa471315d749.device: Job dev-disk-by\x2duuid-93f15e36\x2dae68\x2d43e7\x2d9951\x2daa471315d749.device/start failed with result 'timeout'.
Sep 27 05:10:39 localhost dhclient[39611]: DHCPREQUEST of 172.16.250.186 on ens33 to 172.16.250.254 port 67 (xid=0x56f20db7)
Sep 27 05:10:39 localhost dhclient[39611]: DHCPACK of 172.16.250.186 from 172.16.250.254
Sep 27 05:10:39 localhost NetworkManager[37821]: <info>  [1601183439.7271]   address 172.16.250.186
Sep 27 05:10:39 localhost NetworkManager[37821]: <info>  [1601183439.7272]   plen 24 (255.255.255.0)
Sep 27 05:10:39 localhost NetworkManager[37821]: <info>  [1601183439.7272]   gateway 172.16.250.2
Sep 27 05:10:39 localhost NetworkManager[37821]: <info>  [1601183439.7272]   server identifier 172.16.250.254
Sep 27 05:10:39 localhost NetworkManager[37821]: <info>  [1601183439.7272]   lease time 1800
Sep 27 05:10:39 localhost NetworkManager[37821]: <info>  [1601183439.7272]   nameserver '172.16.250.2'
Sep 27 05:10:39 localhost NetworkManager[37821]: <info>  [1601183439.7272]   domain name 'localdomain'
Sep 27 05:10:39 localhost NetworkManager[37821]: <info>  [1601183439.7272]   wins '172.16.250.2'
Sep 27 05:10:39 localhost dbus[1045]: [system] Activating via systemd: service name='org.freedesktop.nm_dispatcher' unit='dbus-org.freedesktop.nm-dispatcher.service'
Sep 27 05:10:39 localhost NetworkManager[37821]: <info>  [1601183439.7273] dhcp4 (ens33): state changed bound -> bound
Sep 27 05:10:39 localhost systemd[1]: Starting Network Manager Script Dispatcher Service...
Sep 27 05:10:39 localhost dhclient[39611]: bound to 172.16.250.186 -- renewal in 847 seconds.
Sep 27 05:10:39 localhost dbus[1045]: [system] Successfully activated service 'org.freedesktop.nm_dispatcher'
Sep 27 05:10:39 localhost systemd[1]: Started Network Manager Script Dispatcher Service.
Sep 27 05:10:39 localhost nm-dispatcher: req:1 'dhcp4-change' [ens33]: new request (1 scripts)
Sep 27 05:10:39 localhost nm-dispatcher: req:1 'dhcp4-change' [ens33]: start running ordered scripts...
Sep 27 05:12:09 localhost systemd[1]: dev-disk-by\x2duuid-93f15e36\x2dae68\x2d43e7\x2d9951\x2daa471315d749.device: Job dev-disk-by\x2duuid-93f15e36\x2dae68\x2d43e7\x2d9951\x2daa471315d749.device/start timed out.
Sep 27 05:12:09 localhost systemd[1]: Timed out waiting for device dev-disk-by\x2duuid-93f15e36\x2dae68\x2d43e7\x2d9951\x2daa471315d749.device.
Sep 27 05:12:09 localhost systemd[1]: Dependency failed for /dev/disk/by-uuid/93f15e36-ae68-43e7-9951-aa471315d749.
Sep 27 05:12:09 localhost systemd[1]: dev-disk-by\x2duuid-93f15e36\x2dae68\x2d43e7\x2d9951\x2daa471315d749.swap: Job dev-disk-by\x2duuid-93f15e36\x2dae68\x2d43e7\x2d9951\x2daa471315d749.swap/start failed with result 'dependency'.
Sep 27 05:12:09 localhost systemd[1]: dev-disk-by\x2duuid-93f15e36\x2dae68\x2d43e7\x2d9951\x2daa471315d749.device: Job dev-disk-by\x2duuid-93f15e36\x2dae68\x2d43e7\x2d9951\x2daa471315d749.device/start failed with result 'timeout'.
Sep 27 05:15:11 localhost freshclam[1023]: Sun Sep 27 05:15:11 2020 -> Received signal: wake up
Sep 27 05:15:11 localhost freshclam[1023]: Sun Sep 27 05:15:11 2020 -> ClamAV update process started at Sun Sep 27 05:15:11 2020
Sep 27 05:15:11 localhost freshclam[1023]: Sun Sep 27 05:15:11 2020 -> main.cld is up to date (version: 59, sigs: 4564902, f-level: 60, builder: sigmgr)
Sep 27 05:15:14 localhost freshclam[1023]: Sun Sep 27 05:15:14 2020 -> Downloading daily-25934.cdiff [100%]
Sep 27 05:15:14 localhost freshclam[1023]: Sun Sep 27 05:15:14 2020 -> Downloading daily-25935.cdiff [100%]
Sep 27 05:15:15 localhost freshclam[1023]: Sun Sep 27 05:15:15 2020 -> Downloading daily-25936.cdiff [100%]
Sep 27 05:15:15 localhost freshclam[1023]: Sun Sep 27 05:15:15 2020 -> Downloading daily-25937.cdiff [100%]
Sep 27 05:15:15 localhost freshclam[1023]: Sun Sep 27 05:15:15 2020 -> Downloading daily-25938.cdiff [100%]
Sep 27 05:15:15 localhost freshclam[1023]: Sun Sep 27 05:15:15 2020 -> Downloading daily-25939.cdiff [100%]
Sep 27 05:15:37 localhost kernel: [22225.582024] compiz invoked oom-killer: gfp_mask=0x24201ca, order=0, oom_score_adj=0
Sep 27 05:15:37 localhost kernel: [22225.582029] compiz cpuset=/ mems_allowed=0
Sep 27 05:15:37 localhost kernel: [22225.582035] CPU: 1 PID: 2226 Comm: compiz Not tainted 4.4.0-131-generic #157-Ubuntu
Sep 27 05:15:37 localhost kernel: [22225.582037] Hardware name: VMware, Inc. VMware Virtual Platform/440BX Desktop Reference Platform, BIOS 6.00 07/29/2019
Sep 27 05:15:37 localhost kernel: [22225.582082]  0000000000000286 e38beedf25dba7ec ffff8800760f39e8 ffffffff81401c43
Sep 27 05:15:37 localhost kernel: [22225.582086]  ffff8800760f3ba0 ffff88007940d400 ffff8800760f3a58 ffffffff81211a1e
Sep 27 05:15:37 localhost kernel: [22225.582088]  ffff88000d759c00 ffff88000d75bb58 ffff88000d75b800 ffff8800760f3ba0
Sep 27 05:15:37 localhost kernel: [22225.582091] Call Trace:
Sep 27 05:15:37 localhost kernel: [22225.582214]  [<ffffffff81401c43>] dump_stack+0x63/0x90
Sep 27 05:15:37 localhost kernel: [22225.582257]  [<ffffffff81211a1e>] dump_header+0x5a/0x1c5
Sep 27 05:15:37 localhost kernel: [22225.582301]  [<ffffffff81197dd2>] oom_kill_process+0x202/0x3c0
Sep 27 05:15:37 localhost kernel: [22225.582304]  [<ffffffff811981f9>] out_of_memory+0x219/0x460
Sep 27 05:15:37 localhost kernel: [22225.582346]  [<ffffffff8119e245>] __alloc_pages_slowpath.constprop.88+0x965/0xb00
Sep 27 05:15:37 localhost kernel: [22225.582349]  [<ffffffff8119e668>] __alloc_pages_nodemask+0x288/0x2a0
Sep 27 05:15:37 localhost kernel: [22225.582352]  [<ffffffff811e841c>] alloc_pages_current+0x8c/0x110
Sep 27 05:15:37 localhost kernel: [22225.582354]  [<ffffffff8119429b>] __page_cache_alloc+0xab/0xc0
Sep 27 05:15:37 localhost kernel: [22225.582356]  [<ffffffff81196840>] filemap_fault+0x160/0x440
Sep 27 05:15:37 localhost kernel: [22225.582359]  [<ffffffff812a9e86>] ext4_filemap_fault+0x36/0x50
Sep 27 05:15:37 localhost kernel: [22225.582362]  [<ffffffff811c3697>] __do_fault+0x77/0x110
Sep 27 05:15:37 localhost kernel: [22225.582364]  [<ffffffff811c7485>] handle_mm_fault+0xfa5/0x1850
Sep 27 05:15:37 localhost kernel: [22225.582402]  [<ffffffff8184ebc1>] ? __schedule+0x301/0x7f0
Sep 27 05:15:37 localhost kernel: [22225.582405]  [<ffffffff8184ebcd>] ? __schedule+0x30d/0x7f0
Sep 27 05:15:37 localhost kernel: [22225.582407]  [<ffffffff8184ebc1>] ? __schedule+0x301/0x7f0
Sep 27 05:15:37 localhost kernel: [22225.582409]  [<ffffffff8184ebcd>] ? __schedule+0x30d/0x7f0
Sep 27 05:15:37 localhost kernel: [22225.582412]  [<ffffffff8184ebc1>] ? __schedule+0x301/0x7f0
Sep 27 05:15:37 localhost kernel: [22225.582414]  [<ffffffff8184ebc1>] ? __schedule+0x301/0x7f0
Sep 27 05:15:37 localhost kernel: [22225.582484]  [<ffffffff8106d8a1>] __do_page_fault+0x1a1/0x410
Sep 27 05:15:37 localhost kernel: [22225.582488]  [<ffffffff8106db32>] do_page_fault+0x22/0x30
Sep 27 05:15:37 localhost kernel: [22225.582524]  [<ffffffff81855c58>] page_fault+0x28/0x30
Sep 27 05:15:37 localhost kernel: [22225.582581] Mem-Info:
Sep 27 05:15:37 localhost kernel: [22225.582587] active_anon:387175 inactive_anon:10471 isolated_anon:0
Sep 27 05:15:37 localhost kernel: [22225.582587]  active_file:97 inactive_file:82 isolated_file:0
Sep 27 05:15:37 localhost kernel: [22225.582587]  unevictable:917 dirty:0 writeback:0 unstable:0
Sep 27 05:15:37 localhost kernel: [22225.582587]  slab_reclaimable:7753 slab_unreclaimable:16326
Sep 27 05:15:37 localhost kernel: [22225.582587]  mapped:9765 shmem:10904 pagetables:9470 bounce:0
Sep 27 05:15:37 localhost kernel: [22225.582587]  free:13827 free_pcp:94 free_cma:0
Sep 27 05:15:37 localhost kernel: [22225.582591] Node 0 DMA free:8092kB min:360kB low:448kB high:540kB active_anon:5672kB inactive_anon:296kB active_file:0kB inactive_file:32kB unevictable:16kB isolated(anon):0kB isolated(file):0kB present:15988kB managed:15900kB mlocked:16kB dirty:0kB writeback:0kB mapped:332kB shmem:296kB slab_reclaimable:104kB slab_unreclaimable:476kB kernel_stack:96kB pagetables:84kB unstable:0kB bounce:0kB free_pcp:0kB local_pcp:0kB free_cma:0kB writeback_tmp:0kB pages_scanned:0 all_unreclaimable? no
Sep 27 05:15:37 localhost kernel: [22225.582597] lowmem_reserve[]: 0 1923 1923 1923 1923
Sep 27 05:15:37 localhost kernel: [22225.582601] Node 0 DMA32 free:47216kB min:44692kB low:55864kB high:67036kB active_anon:1543028kB inactive_anon:41588kB active_file:388kB inactive_file:296kB unevictable:3652kB isolated(anon):0kB isolated(file):0kB present:2080640kB managed:2013940kB mlocked:3652kB dirty:0kB writeback:0kB mapped:38728kB shmem:43320kB slab_reclaimable:30908kB slab_unreclaimable:64828kB kernel_stack:11520kB pagetables:37796kB unstable:0kB bounce:0kB free_pcp:376kB local_pcp:0kB free_cma:0kB writeback_tmp:0kB pages_scanned:1208 all_unreclaimable? no
Sep 27 05:15:37 localhost kernel: [22225.582607] lowmem_reserve[]: 0 0 0 0 0
Sep 27 05:15:37 localhost kernel: [22225.582610] Node 0 DMA: 10*4kB (UM) 9*8kB (UME) 4*16kB (UME) 8*32kB (UME) 4*64kB (UME) 4*128kB (ME) 5*256kB (UME) 3*512kB (UME) 4*1024kB (UME) 0*2048kB 0*4096kB = 8112kB
Sep 27 05:15:37 localhost kernel: [22225.582621] Node 0 DMA32: 238*4kB (UMEH) 345*8kB (UMEH) 154*16kB (UME) 295*32kB (UME) 287*64kB (UME) 87*128kB (MEH) 2*256kB (UH) 3*512kB (UE) 0*1024kB 0*2048kB 0*4096kB = 47168kB
Sep 27 05:15:37 localhost kernel: [22225.582632] Node 0 hugepages_total=0 hugepages_free=0 hugepages_surp=0 hugepages_size=1048576kB
Sep 27 05:15:37 localhost kernel: [22225.582635] Node 0 hugepages_total=0 hugepages_free=0 hugepages_surp=0 hugepages_size=2048kB
Sep 27 05:15:37 localhost kernel: [22225.582636] 11679 total pagecache pages
Sep 27 05:15:37 localhost kernel: [22225.582637] 0 pages in swap cache
Sep 27 05:15:37 localhost kernel: [22225.582681] Swap cache stats: add 0, delete 0, find 0/0
Sep 27 05:15:37 localhost kernel: [22225.582683] Free swap  = 0kB
Sep 27 05:15:37 localhost kernel: [22225.582683] Total swap = 0kB
Sep 27 05:15:37 localhost kernel: [22225.582685] 524157 pages RAM
Sep 27 05:15:37 localhost kernel: [22225.582686] 0 pages HighMem/MovableOnly
Sep 27 05:15:37 localhost kernel: [22225.582687] 16697 pages reserved
Sep 27 05:15:37 localhost kernel: [22225.582687] 0 pages cma reserved
Sep 27 05:15:37 localhost kernel: [22225.582688] 0 pages hwpoisoned
Sep 27 05:15:37 localhost kernel: [22225.582689] [ pid ]   uid  tgid total_vm      rss nr_ptes nr_pmds swapents oom_score_adj name
Sep 27 05:15:37 localhost kernel: [22225.582706] [  437]     0   437     9587     1437      21       3        0             0 systemd-journal
Sep 27 05:15:37 localhost kernel: [22225.582708] [  470]     0   470    23693      145      17       3        0             0 lvmetad
Sep 27 05:15:37 localhost kernel: [22225.582711] [  484]     0   484    11337      569      24       3        0         -1000 systemd-udevd
Sep 27 05:15:37 localhost kernel: [22225.582715] [  505]     0   505    39656       66      13       3        0             0 vmware-vmblock-
Sep 27 05:15:37 localhost kernel: [22225.582719] [  717]     0   717    47526      477      52       3        0             0 vmtoolsd
Sep 27 05:15:37 localhost kernel: [22225.582722] [  775]   100   775    25596      108      21       3        0             0 systemd-timesyn
Sep 27 05:15:37 localhost kernel: [22225.582725] [ 1005]     0  1005    74005     2695      39       5        0          -900 snapd
Sep 27 05:15:37 localhost kernel: [22225.582727] [ 1006]   104  1006    64098      228      27       3        0             0 rsyslogd
Sep 27 05:15:37 localhost kernel: [22225.582730] [ 1010]   111  1010    11226      375      27       3        0             0 avahi-daemon
Sep 27 05:15:37 localhost kernel: [22225.582732] [ 1016]     0  1016     7252      398      18       3        0             0 cron
Sep 27 05:15:37 localhost kernel: [22225.582735] [ 1023]   122  1023    33565     1290      52       3        0             0 freshclam
Sep 27 05:15:37 localhost kernel: [22225.582737] [ 1025]     0  1025   103382      676      68       4        0             0 ModemManager
Sep 27 05:15:37 localhost kernel: [22225.582739] [ 1030]     0  1030     1099      303       8       3        0             0 acpid
Sep 27 05:15:37 localhost kernel: [22225.582779] [ 1033]     0  1033     7167      266      20       3        0             0 systemd-logind
Sep 27 05:15:37 localhost kernel: [22225.582786] [ 1036]     0  1036    21358      734      33       3        0             0 VGAuthService
Sep 27 05:15:37 localhost kernel: [22225.582789] [ 1041]     0  1041    68968      279      38       3        0             0 accounts-daemon
Sep 27 05:15:37 localhost kernel: [22225.582791] [ 1045]   106  1045    11056      372      27       3        0          -900 dbus-daemon
Sep 27 05:15:37 localhost kernel: [22225.582794] [ 1091]   111  1091    11195       81      26       3        0             0 avahi-daemon
Sep 27 05:15:37 localhost kernel: [22225.582796] [ 1104]     0  1104     3343       35      11       3        0             0 mdadm
Sep 27 05:15:37 localhost kernel: [22225.582799] [ 1108]     0  1108    69674      660      40       4        0             0 polkitd
Sep 27 05:15:37 localhost kernel: [22225.582802] [ 1129]     0  1129    16377      429      35       3        0         -1000 sshd
Sep 27 05:15:37 localhost kernel: [22225.582805] [ 1333]   109  1333    93494      405      81       3        0             0 whoopsie
Sep 27 05:15:37 localhost kernel: [22225.582808] [ 1335]     0  1335    91815     2875      62       6        0          -500 dockerd
Sep 27 05:15:37 localhost kernel: [22225.582811] [ 1350]     0  1350     1305       28       8       4        0             0 iscsid
Sep 27 05:15:37 localhost kernel: [22225.582813] [ 1351]     0  1351     1430      877       8       4        0           -17 iscsid
Sep 27 05:15:37 localhost kernel: [22225.582817] [ 1471]     0  1471    69161      187      37       3        0             0 lightdm
Sep 27 05:15:37 localhost kernel: [22225.582819] [ 1483]     0  1483     4905      256      15       3        0             0 irqbalance
Sep 27 05:15:37 localhost kernel: [22225.582822] [ 1498]     0  1498    89588    11919     143       3        0             0 Xorg
Sep 27 05:15:37 localhost kernel: [22225.582825] [ 1499]     0  1499     3984      340      13       3        0             0 agetty
Sep 27 05:15:37 localhost kernel: [22225.582827] [ 1532]     0  1532    60000      830     114       3        0             0 nmbd
Sep 27 05:15:37 localhost kernel: [22225.582830] [ 1534]     0  1534    71813      746     138       4        0             0 winbindd
Sep 27 05:15:37 localhost kernel: [22225.582832] [ 1538]     0  1538    73390      683     143       4        0             0 winbindd
Sep 27 05:15:37 localhost kernel: [22225.582835] [ 1554]     0  1554    57060      597      46       3        0             0 lightdm
Sep 27 05:15:37 localhost kernel: [22225.582838] [ 1561]  1000  1561    11320      359      26       3        0             0 systemd
Sep 27 05:15:37 localhost kernel: [22225.582840] [ 1563]  1000  1563    15901      557      34       3        0             0 (sd-pam)
Sep 27 05:15:37 localhost kernel: [22225.582843] [ 1568]  1000  1568    11615      555      28       3        0             0 upstart
Sep 27 05:15:37 localhost kernel: [22225.582846] [ 1576]     0  1576    84609     1096     161       3        0             0 smbd
Sep 27 05:15:37 localhost kernel: [22225.582849] [ 1579]     0  1579    82451      612     153       3        0             0 smbd
Sep 27 05:15:37 localhost kernel: [22225.582852] [ 1588]     0  1588    71816      813     137       4        0             0 winbindd
Sep 27 05:15:37 localhost kernel: [22225.582855] [ 1593]     0  1593    71815      539     138       4        0             0 winbindd
Sep 27 05:15:37 localhost kernel: [22225.582857] [ 1595]     0  1595    84609      953     157       3        0             0 smbd
Sep 27 05:15:37 localhost kernel: [22225.582860] [ 1753]  1000  1753     8215       73      19       3        0             0 upstart-udev-br
Sep 27 05:15:37 localhost kernel: [22225.582863] [ 1798]  1000  1798    10934      341      24       3        0             0 dbus-daemon
Sep 27 05:15:37 localhost kernel: [22225.582866] [ 1844]  1000  1844    21586      379      34       3        0             0 window-stack-br
Sep 27 05:15:37 localhost kernel: [22225.582868] [ 1883]  1000  1883    10314      122      21       3        0             0 upstart-file-br
Sep 27 05:15:37 localhost kernel: [22225.582871] [ 1885]  1000  1885    51303      190      33       4        0             0 gnome-keyring-d
Sep 27 05:15:37 localhost kernel: [22225.582874] [ 1895]  1000  1895     8198       73      19       3        0             0 upstart-dbus-br
Sep 27 05:15:37 localhost kernel: [22225.582876] [ 1896]  1000  1896     8198       86      18       4        0             0 upstart-dbus-br
Sep 27 05:15:37 localhost kernel: [22225.582879] [ 1901]  1000  1901    86308      400      37       3        0             0 ibus-daemon
Sep 27 05:15:37 localhost kernel: [22225.582882] [ 1923]  1000  1923    68629      262      35       3        0             0 gvfsd
Sep 27 05:15:37 localhost kernel: [22225.582884] [ 1929]  1000  1929   163413     3173     177       4        0             0 bamfdaemon
Sep 27 05:15:37 localhost kernel: [22225.582887] [ 1933]  1000  1933   101716      353      30       3        0             0 gvfsd-fuse
Sep 27 05:15:37 localhost kernel: [22225.582890] [ 1937]  1000  1937    66066      218      32       3        0             0 ibus-dconf
Sep 27 05:15:37 localhost kernel: [22225.582934] [ 1939]  1000  1939   152968     3000     178       4        0             0 ibus-ui-gtk3
Sep 27 05:15:37 localhost kernel: [22225.582938] [ 1949]  1000  1949   140544     2536     163       4        0             0 ibus-x11
Sep 27 05:15:37 localhost kernel: [22225.582941] [ 1959]  1000  1959    84507      477      33       4        0             0 at-spi-bus-laun
Sep 27 05:15:37 localhost kernel: [22225.582943] [ 1966]  1000  1966    10722      243      26       3        0             0 dbus-daemon
Sep 27 05:15:37 localhost kernel: [22225.582946] [ 1971]  1000  1971    51742      163      36       3        0             0 at-spi2-registr
Sep 27 05:15:37 localhost kernel: [22225.582949] [ 1977]  1000  1977    41634      327      16       3        0             0 gpg-agent
Sep 27 05:15:37 localhost kernel: [22225.582952] [ 1978]  1000  1978    47097      155      29       3        0             0 ibus-engine-sim
Sep 27 05:15:37 localhost kernel: [22225.582955] [ 1992]  1000  1992   179832     1540     167       3        0             0 hud-service
Sep 27 05:15:37 localhost kernel: [22225.582957] [ 1994]  1000  1994   232296     1963     177       4        0             0 unity-settings-
Sep 27 05:15:37 localhost kernel: [22225.582960] [ 2002]  1000  2002   139579      525      99       4        0             0 gnome-session-b
Sep 27 05:15:37 localhost kernel: [22225.582963] [ 2016]  1000  2016   159358     1875     130       4        0             0 unity-panel-ser
Sep 27 05:15:37 localhost kernel: [22225.582965] [ 2029]     0  2029    86791      350      53       3        0             0 upowerd
Sep 27 05:15:37 localhost kernel: [22225.582969] [ 2063]  1000  2063    88610      591      41       3        0             0 indicator-messa
Sep 27 05:15:37 localhost kernel: [22225.582986] [ 2064]  1000  2064   101785      211      34       4        0             0 indicator-bluet
Sep 27 05:15:37 localhost kernel: [22225.582989] [ 2066]  1000  2066   109312      555      43       3        0             0 indicator-power
Sep 27 05:15:37 localhost kernel: [22225.582991] [ 2067]  1000  2067   308237      872      99       4        0             0 indicator-datet
Sep 27 05:15:37 localhost kernel: [22225.582994] [ 2070]  1000  2070   181244     1833     135       4        0             0 indicator-keybo
Sep 27 05:15:37 localhost kernel: [22225.582997] [ 2073]  1000  2073   165820      355      67       4        0             0 indicator-sound
Sep 27 05:15:37 localhost kernel: [22225.583000] [ 2076]  1000  2076   155758     1432     132       4        0             0 indicator-print
Sep 27 05:15:37 localhost kernel: [22225.583003] [ 2082]  1000  2082   156304      209      42       4        0             0 indicator-sessi
Sep 27 05:15:37 localhost kernel: [22225.583005] [ 2087]  1000  2087    44698      495      23       3        0             0 dconf-service
Sep 27 05:15:37 localhost kernel: [22225.583008] [ 2088]  1000  2088   100787      378      90       3        0             0 indicator-appli
Sep 27 05:15:37 localhost kernel: [22225.583011] [ 2128]  1000  2128   327112     1013     170       4        0             0 evolution-sourc
Sep 27 05:15:37 localhost kernel: [22225.583014] [ 2147]  1000  2147    88612      764      82       3        0             0 pulseaudio
Sep 27 05:15:37 localhost kernel: [22225.583017] [ 2152]   118  2152    45886      381      25       3        0             0 rtkit-daemon
Sep 27 05:15:37 localhost kernel: [22225.583020] [ 2159]   113  2159    75281     1048      49       3        0             0 colord
Sep 27 05:15:37 localhost kernel: [22225.583023] [ 2186]  1000  2186   215716     9865     197       4        0             0 evolution-calen
Sep 27 05:15:37 localhost kernel: [22225.583026] [ 2188]  1000  2188   185002     2122     143       3        0             0 nm-applet
Sep 27 05:15:37 localhost kernel: [22225.583028] [ 2191]  1000  2191   144581     1229     113       4        0             0 unity-fallback-
Sep 27 05:15:37 localhost kernel: [22225.583031] [ 2194]  1000  2194   133467     1865     145       3        0             0 vmtoolsd
Sep 27 05:15:37 localhost kernel: [22225.583034] [ 2197]  1000  2197   107710     1480     108       3        0             0 polkit-gnome-au
Sep 27 05:15:37 localhost kernel: [22225.583036] [ 2198]  1000  2198   326874     5118     193       4        0             0 nautilus
Sep 27 05:15:37 localhost kernel: [22225.583038] [ 2226]  1000  2226   409543    26105     345       4        0             0 compiz
Sep 27 05:15:37 localhost kernel: [22225.583040] [ 2228]  1000  2228    71329      496      42       3        0             0 gvfs-udisks2-vo
Sep 27 05:15:37 localhost kernel: [22225.583043] [ 2237]     0  2237    91697      418      44       3        0             0 udisksd
Sep 27 05:15:37 localhost kernel: [22225.583045] [ 2249]  1000  2249   100901      588      51       3        0             0 gvfs-afc-volume
Sep 27 05:15:37 localhost kernel: [22225.583048] [ 2256]  1000  2256    64382      344      28       4        0             0 gvfs-goa-volume
Sep 27 05:15:37 localhost kernel: [22225.583050] [ 2261]  1000  2261    64880      278      30       3        0             0 gvfs-mtp-volume
Sep 27 05:15:37 localhost kernel: [22225.583091] [ 2266]  1000  2266    67929      275      34       4        0             0 gvfs-gphoto2-vo
Sep 27 05:15:37 localhost kernel: [22225.583094] [ 2277]  1000  2277   201923     9119     106       3        0             0 evolution-calen
Sep 27 05:15:37 localhost kernel: [22225.583096] [ 2280]  1000  2280    87642      446      36       3        0             0 gvfsd-trash
Sep 27 05:15:37 localhost kernel: [22225.583098] [ 2296]  1000  2296   172647     1085     118       3        0             0 evolution-addre
Sep 27 05:15:37 localhost kernel: [22225.583100] [ 2297]  1000  2297   200034     9278     105       4        0             0 evolution-calen
Sep 27 05:15:37 localhost kernel: [22225.583102] [ 2304]  1000  2304   226339      635     101       4        0             0 evolution-addre
Sep 27 05:15:37 localhost kernel: [22225.583105] [ 2321]  1000  2321    46679      647      28       3        0             0 gvfsd-metadata
Sep 27 05:15:37 localhost kernel: [22225.583107] [ 2596]  1000  2596   125497      672     103       4        0             0 zeitgeist-datah
Sep 27 05:15:37 localhost kernel: [22225.583109] [ 2603]  1000  2603     1126      175       8       3        0             0 sh
Sep 27 05:15:37 localhost kernel: [22225.583111] [ 2610]  1000  2610    86233      346      34       4        0             0 zeitgeist-daemo
Sep 27 05:15:37 localhost kernel: [22225.583113] [ 2618]  1000  2618    79296      756      48       3        0             0 zeitgeist-fts
Sep 27 05:15:37 localhost kernel: [22225.583115] [ 2780]  1000  2780   161243      949      71       4        0             0 unity-scope-hom
Sep 27 05:15:37 localhost kernel: [22225.583117] [ 2790]  1000  2790   176124      881      62       3        0             0 unity-files-dae
Sep 27 05:15:37 localhost kernel: [22225.583119] [ 2791]  1000  2791   162168     2017      72       4        0             0 unity-scope-loa
Sep 27 05:15:37 localhost kernel: [22225.583121] [ 3042]  1000  3042   127301      199      48       4        0             0 deja-dup-monito
Sep 27 05:15:37 localhost kernel: [22225.583124] [ 3166]     0  3166    23308      498      47       3        0             0 cupsd
Sep 27 05:15:37 localhost kernel: [22225.583126] [ 3168]     0  3168    68703      320      67       4        0             0 cups-browsed
Sep 27 05:15:37 localhost kernel: [22225.583129] [37821]     0 37821   112361      934      72       4        0             0 NetworkManager
Sep 27 05:15:37 localhost kernel: [22225.583131] [37838] 65534 37838    13216      195      29       3        0             0 dnsmasq
Sep 27 05:15:37 localhost kernel: [22225.583133] [37871]  1000 37871   122349     2204     127       4        0             0 notify-osd
Sep 27 05:15:37 localhost kernel: [22225.583135] [38456]  1000 38456   566714    54825     438       5        0             0 firefox
Sep 27 05:15:37 localhost kernel: [22225.583137] [38531]  1000 38531   429793    40893     314       5        0             0 Web Content
Sep 27 05:15:37 localhost kernel: [22225.583139] [38603]  1000 38603   377015     5780     199       4        0             0 WebExtensions
Sep 27 05:15:37 localhost kernel: [22225.583140] [39078]  1000 39078   494805    46768     430       5        0             0 Web Content
Sep 27 05:15:37 localhost kernel: [22225.583142] [39611]     0 39611     4032      626      13       3        0             0 dhclient
Sep 27 05:15:37 localhost kernel: [22225.583144] [40297]  1000 40297   137006     1581     120       4        0             0 unity-panel-ser
Sep 27 05:15:37 localhost kernel: [22225.583146] [40708]     0 40708    70857      733      28       5        0          -500 docker-containe
Sep 27 05:15:37 localhost kernel: [22225.583149] [40973]   122 40973   151481   115397     271       3        0             0 freshclam
Sep 27 05:15:37 localhost kernel: [22225.583150] Out of memory: Kill process 40973 (freshclam) score 227 or sacrifice child
Sep 27 05:15:37 localhost kernel: [22225.583154] Killed process 40973 (freshclam) total-vm:605924kB, anon-rss:460852kB, file-rss:736kB
Sep 27 05:15:37 localhost freshclam[1023]: Sun Sep 27 05:15:37 2020 -> !Database load killed by signal 9
Sep 27 05:15:37 localhost freshclam[1023]: Sun Sep 27 05:15:37 2020 -> !Failed to load new database
Sep 27 05:17:01 localhost CRON[40979]: (root) CMD (   cd / && run-parts --report /etc/cron.hourly)
Sep 27 05:24:46 localhost dhclient[39611]: DHCPREQUEST of 172.16.250.186 on ens33 to 172.16.250.254 port 67 (xid=0x56f20db7)
Sep 27 05:24:46 localhost dhclient[39611]: DHCPACK of 172.16.250.186 from 172.16.250.254
Sep 27 05:24:46 localhost NetworkManager[37821]: <info>  [1601184286.8907]   address 172.16.250.186
Sep 27 05:24:46 localhost NetworkManager[37821]: <info>  [1601184286.8913]   plen 24 (255.255.255.0)
Sep 27 05:24:46 localhost NetworkManager[37821]: <info>  [1601184286.8913]   gateway 172.16.250.2
Sep 27 05:24:46 localhost NetworkManager[37821]: <info>  [1601184286.8913]   server identifier 172.16.250.254
Sep 27 05:24:46 localhost NetworkManager[37821]: <info>  [1601184286.8913]   lease time 1800
Sep 27 05:24:46 localhost NetworkManager[37821]: <info>  [1601184286.8913]   nameserver '172.16.250.2'
Sep 27 05:24:46 localhost NetworkManager[37821]: <info>  [1601184286.8913]   domain name 'localdomain'
Sep 27 05:24:46 localhost NetworkManager[37821]: <info>  [1601184286.8913]   wins '172.16.250.2'
Sep 27 05:24:46 localhost NetworkManager[37821]: <info>  [1601184286.8915] dhcp4 (ens33): state changed bound -> bound
Sep 27 05:24:46 localhost dbus[1045]: [system] Activating via systemd: service name='org.freedesktop.nm_dispatcher' unit='dbus-org.freedesktop.nm-dispatcher.service'
Sep 27 05:24:46 localhost dhclient[39611]: bound to 172.16.250.186 -- renewal in 702 seconds.
Sep 27 05:24:46 localhost systemd[1]: Starting Network Manager Script Dispatcher Service...
Sep 27 05:24:46 localhost dbus[1045]: [system] Successfully activated service 'org.freedesktop.nm_dispatcher'
Sep 27 05:24:46 localhost systemd[1]: Started Network Manager Script Dispatcher Service.
Sep 27 05:24:46 localhost nm-dispatcher: req:1 'dhcp4-change' [ens33]: new request (1 scripts)
Sep 27 05:24:46 localhost nm-dispatcher: req:1 'dhcp4-change' [ens33]: start running ordered scripts...
Sep 27 05:26:17 localhost systemd[1]: dev-disk-by\x2duuid-93f15e36\x2dae68\x2d43e7\x2d9951\x2daa471315d749.device: Job dev-disk-by\x2duuid-93f15e36\x2dae68\x2d43e7\x2d9951\x2daa471315d749.device/start timed out.
Sep 27 05:26:17 localhost systemd[1]: Timed out waiting for device dev-disk-by\x2duuid-93f15e36\x2dae68\x2d43e7\x2d9951\x2daa471315d749.device.
Sep 27 05:26:17 localhost systemd[1]: Dependency failed for /dev/disk/by-uuid/93f15e36-ae68-43e7-9951-aa471315d749.
Sep 27 05:26:17 localhost systemd[1]: dev-disk-by\x2duuid-93f15e36\x2dae68\x2d43e7\x2d9951\x2daa471315d749.swap: Job dev-disk-by\x2duuid-93f15e36\x2dae68\x2d43e7\x2d9951\x2daa471315d749.swap/start failed with result 'dependency'.
Sep 27 05:26:17 localhost systemd[1]: dev-disk-by\x2duuid-93f15e36\x2dae68\x2d43e7\x2d9951\x2daa471315d749.device: Job dev-disk-by\x2duuid-93f15e36\x2dae68\x2d43e7\x2d9951\x2daa471315d749.device/start failed with result 'timeout'.
Sep 27 05:36:28 localhost dhclient[39611]: DHCPREQUEST of 172.16.250.186 on ens33 to 172.16.250.254 port 67 (xid=0x56f20db7)
Sep 27 05:36:28 localhost dhclient[39611]: DHCPACK of 172.16.250.186 from 172.16.250.254
Sep 27 05:36:28 localhost NetworkManager[37821]: <info>  [1601184988.6187]   address 172.16.250.186
Sep 27 05:36:28 localhost NetworkManager[37821]: <info>  [1601184988.6193]   plen 24 (255.255.255.0)
Sep 27 05:36:28 localhost NetworkManager[37821]: <info>  [1601184988.6195]   gateway 172.16.250.2
Sep 27 05:36:28 localhost NetworkManager[37821]: <info>  [1601184988.6200]   server identifier 172.16.250.254
Sep 27 05:36:28 localhost NetworkManager[37821]: <info>  [1601184988.6202]   lease time 1800
Sep 27 05:36:28 localhost NetworkManager[37821]: <info>  [1601184988.6204]   nameserver '172.16.250.2'
Sep 27 05:36:28 localhost NetworkManager[37821]: <info>  [1601184988.6206]   domain name 'localdomain'
Sep 27 05:36:28 localhost NetworkManager[37821]: <info>  [1601184988.6208]   wins '172.16.250.2'
Sep 27 05:36:28 localhost NetworkManager[37821]: <info>  [1601184988.6210] dhcp4 (ens33): state changed bound -> bound
Sep 27 05:36:28 localhost dbus[1045]: [system] Activating via systemd: service name='org.freedesktop.nm_dispatcher' unit='dbus-org.freedesktop.nm-dispatcher.service'
Sep 27 05:36:28 localhost dhclient[39611]: bound to 172.16.250.186 -- renewal in 848 seconds.
Sep 27 05:36:28 localhost systemd[1]: Starting Network Manager Script Dispatcher Service...
Sep 27 05:36:28 localhost dbus[1045]: [system] Successfully activated service 'org.freedesktop.nm_dispatcher'
Sep 27 05:36:28 localhost systemd[1]: Started Network Manager Script Dispatcher Service.
Sep 27 05:36:28 localhost nm-dispatcher: req:1 'dhcp4-change' [ens33]: new request (1 scripts)
Sep 27 05:36:28 localhost nm-dispatcher: req:1 'dhcp4-change' [ens33]: start running ordered scripts...
Sep 27 05:37:58 localhost systemd[1]: dev-disk-by\x2duuid-93f15e36\x2dae68\x2d43e7\x2d9951\x2daa471315d749.device: Job dev-disk-by\x2duuid-93f15e36\x2dae68\x2d43e7\x2d9951\x2daa471315d749.device/start timed out.
Sep 27 05:37:58 localhost systemd[1]: Timed out waiting for device dev-disk-by\x2duuid-93f15e36\x2dae68\x2d43e7\x2d9951\x2daa471315d749.device.
Sep 27 05:37:58 localhost systemd[1]: Dependency failed for /dev/disk/by-uuid/93f15e36-ae68-43e7-9951-aa471315d749.
Sep 27 05:37:58 localhost systemd[1]: dev-disk-by\x2duuid-93f15e36\x2dae68\x2d43e7\x2d9951\x2daa471315d749.swap: Job dev-disk-by\x2duuid-93f15e36\x2dae68\x2d43e7\x2d9951\x2daa471315d749.swap/start failed with result 'dependency'.
Sep 27 05:37:58 localhost systemd[1]: dev-disk-by\x2duuid-93f15e36\x2dae68\x2d43e7\x2d9951\x2daa471315d749.device: Job dev-disk-by\x2duuid-93f15e36\x2dae68\x2d43e7\x2d9951\x2daa471315d749.device/start failed with result 'timeout'.
Sep 27 05:50:37 localhost dhclient[39611]: DHCPREQUEST of 172.16.250.186 on ens33 to 172.16.250.254 port 67 (xid=0x56f20db7)
Sep 27 05:50:37 localhost dhclient[39611]: DHCPACK of 172.16.250.186 from 172.16.250.254
Sep 27 05:50:37 localhost NetworkManager[37821]: <info>  [1601185837.0428]   address 172.16.250.186
Sep 27 05:50:37 localhost NetworkManager[37821]: <info>  [1601185837.0429]   plen 24 (255.255.255.0)
Sep 27 05:50:37 localhost NetworkManager[37821]: <info>  [1601185837.0429]   gateway 172.16.250.2
Sep 27 05:50:37 localhost NetworkManager[37821]: <info>  [1601185837.0429]   server identifier 172.16.250.254
Sep 27 05:50:37 localhost NetworkManager[37821]: <info>  [1601185837.0429]   lease time 1800
Sep 27 05:50:37 localhost NetworkManager[37821]: <info>  [1601185837.0429]   nameserver '172.16.250.2'
Sep 27 05:50:37 localhost NetworkManager[37821]: <info>  [1601185837.0429]   domain name 'localdomain'
Sep 27 05:50:37 localhost NetworkManager[37821]: <info>  [1601185837.0430]   wins '172.16.250.2'
Sep 27 05:50:37 localhost NetworkManager[37821]: <info>  [1601185837.0430] dhcp4 (ens33): state changed bound -> bound
Sep 27 05:50:37 localhost dbus[1045]: [system] Activating via systemd: service name='org.freedesktop.nm_dispatcher' unit='dbus-org.freedesktop.nm-dispatcher.service'
Sep 27 05:50:37 localhost dhclient[39611]: bound to 172.16.250.186 -- renewal in 873 seconds.
Sep 27 05:50:37 localhost systemd[1]: Starting Network Manager Script Dispatcher Service...
Sep 27 05:50:37 localhost dbus[1045]: [system] Successfully activated service 'org.freedesktop.nm_dispatcher'
Sep 27 05:50:37 localhost systemd[1]: Started Network Manager Script Dispatcher Service.
Sep 27 05:50:37 localhost nm-dispatcher: req:1 'dhcp4-change' [ens33]: new request (1 scripts)
Sep 27 05:50:37 localhost nm-dispatcher: req:1 'dhcp4-change' [ens33]: start running ordered scripts...
Sep 27 05:52:07 localhost systemd[1]: dev-disk-by\x2duuid-93f15e36\x2dae68\x2d43e7\x2d9951\x2daa471315d749.device: Job dev-disk-by\x2duuid-93f15e36\x2dae68\x2d43e7\x2d9951\x2daa471315d749.device/start timed out.
Sep 27 05:52:07 localhost systemd[1]: Timed out waiting for device dev-disk-by\x2duuid-93f15e36\x2dae68\x2d43e7\x2d9951\x2daa471315d749.device.
Sep 27 05:52:07 localhost systemd[1]: Dependency failed for /dev/disk/by-uuid/93f15e36-ae68-43e7-9951-aa471315d749.
Sep 27 05:52:07 localhost systemd[1]: dev-disk-by\x2duuid-93f15e36\x2dae68\x2d43e7\x2d9951\x2daa471315d749.swap: Job dev-disk-by\x2duuid-93f15e36\x2dae68\x2d43e7\x2d9951\x2daa471315d749.swap/start failed with result 'dependency'.
Sep 27 05:52:07 localhost systemd[1]: dev-disk-by\x2duuid-93f15e36\x2dae68\x2d43e7\x2d9951\x2daa471315d749.device: Job dev-disk-by\x2duuid-93f15e36\x2dae68\x2d43e7\x2d9951\x2daa471315d749.device/start failed with result 'timeout'.
Sep 27 06:05:10 localhost dhclient[39611]: DHCPREQUEST of 172.16.250.186 on ens33 to 172.16.250.254 port 67 (xid=0x56f20db7)
Sep 27 06:05:10 localhost dhclient[39611]: DHCPACK of 172.16.250.186 from 172.16.250.254
Sep 27 06:05:10 localhost NetworkManager[37821]: <info>  [1601186710.5213]   address 172.16.250.186
Sep 27 06:05:10 localhost NetworkManager[37821]: <info>  [1601186710.5213]   plen 24 (255.255.255.0)
Sep 27 06:05:10 localhost NetworkManager[37821]: <info>  [1601186710.5213]   gateway 172.16.250.2
Sep 27 06:05:10 localhost NetworkManager[37821]: <info>  [1601186710.5214]   server identifier 172.16.250.254
Sep 27 06:05:10 localhost NetworkManager[37821]: <info>  [1601186710.5214]   lease time 1800
Sep 27 06:05:10 localhost NetworkManager[37821]: <info>  [1601186710.5214]   nameserver '172.16.250.2'
Sep 27 06:05:10 localhost NetworkManager[37821]: <info>  [1601186710.5214]   domain name 'localdomain'
Sep 27 06:05:10 localhost NetworkManager[37821]: <info>  [1601186710.5214]   wins '172.16.250.2'
Sep 27 06:05:10 localhost NetworkManager[37821]: <info>  [1601186710.5214] dhcp4 (ens33): state changed bound -> bound
Sep 27 06:05:10 localhost dbus[1045]: [system] Activating via systemd: service name='org.freedesktop.nm_dispatcher' unit='dbus-org.freedesktop.nm-dispatcher.service'
Sep 27 06:05:10 localhost dhclient[39611]: bound to 172.16.250.186 -- renewal in 870 seconds.
Sep 27 06:05:10 localhost systemd[1]: Starting Network Manager Script Dispatcher Service...
Sep 27 06:05:10 localhost dbus[1045]: [system] Successfully activated service 'org.freedesktop.nm_dispatcher'
Sep 27 06:05:10 localhost systemd[1]: Started Network Manager Script Dispatcher Service.
Sep 27 06:05:10 localhost nm-dispatcher: req:1 'dhcp4-change' [ens33]: new request (1 scripts)
Sep 27 06:05:10 localhost nm-dispatcher: req:1 'dhcp4-change' [ens33]: start running ordered scripts...
Sep 27 06:06:40 localhost systemd[1]: dev-disk-by\x2duuid-93f15e36\x2dae68\x2d43e7\x2d9951\x2daa471315d749.device: Job dev-disk-by\x2duuid-93f15e36\x2dae68\x2d43e7\x2d9951\x2daa471315d749.device/start timed out.
Sep 27 06:06:40 localhost systemd[1]: Timed out waiting for device dev-disk-by\x2duuid-93f15e36\x2dae68\x2d43e7\x2d9951\x2daa471315d749.device.
Sep 27 06:06:40 localhost systemd[1]: Dependency failed for /dev/disk/by-uuid/93f15e36-ae68-43e7-9951-aa471315d749.
Sep 27 06:06:40 localhost systemd[1]: dev-disk-by\x2duuid-93f15e36\x2dae68\x2d43e7\x2d9951\x2daa471315d749.swap: Job dev-disk-by\x2duuid-93f15e36\x2dae68\x2d43e7\x2d9951\x2daa471315d749.swap/start failed with result 'dependency'.
Sep 27 06:06:40 localhost systemd[1]: dev-disk-by\x2duuid-93f15e36\x2dae68\x2d43e7\x2d9951\x2daa471315d749.device: Job dev-disk-by\x2duuid-93f15e36\x2dae68\x2d43e7\x2d9951\x2daa471315d749.device/start failed with result 'timeout'.
Sep 27 06:28:27 localhost systemd[1]: Time has been changed
Sep 27 06:28:27 localhost systemd[1561]: Time has been changed
Sep 27 06:29:00 localhost CRON[41187]: (root) CMD (test -x /usr/sbin/anacron || ( cd / && run-parts --report /etc/cron.daily ))
Sep 27 06:40:35 localhost systemd[1]: Time has been changed
Sep 27 06:40:35 localhost systemd[1561]: Time has been changed
Sep 27 06:41:05 localhost systemd[1]: dev-disk-by\x2duuid-93f15e36\x2dae68\x2d43e7\x2d9951\x2daa471315d749.device: Job dev-disk-by\x2duuid-93f15e36\x2dae68\x2d43e7\x2d9951\x2daa471315d749.device/start timed out.
Sep 27 06:41:05 localhost systemd[1]: Timed out waiting for device dev-disk-by\x2duuid-93f15e36\x2dae68\x2d43e7\x2d9951\x2daa471315d749.device.
Sep 27 06:41:05 localhost systemd[1]: Dependency failed for /dev/disk/by-uuid/93f15e36-ae68-43e7-9951-aa471315d749.
Sep 27 06:41:05 localhost systemd[1]: dev-disk-by\x2duuid-93f15e36\x2dae68\x2d43e7\x2d9951\x2daa471315d749.swap: Job dev-disk-by\x2duuid-93f15e36\x2dae68\x2d43e7\x2d9951\x2daa471315d749.swap/start failed with result 'dependency'.
Sep 27 06:41:05 localhost systemd[1]: dev-disk-by\x2duuid-93f15e36\x2dae68\x2d43e7\x2d9951\x2daa471315d749.device: Job dev-disk-by\x2duuid-93f15e36\x2dae68\x2d43e7\x2d9951\x2daa471315d749.device/start failed with result 'timeout'.
Sep 27 06:48:35 localhost systemd[1]: Time has been changed
Sep 27 06:48:35 localhost systemd[1561]: Time has been changed
Sep 27 06:48:58 localhost rtkit-daemon[2152]: The canary thread is apparently starving. Taking action.
Sep 27 06:48:59 localhost rtkit-daemon[2152]: Demoting known real-time threads.
Sep 27 06:48:59 localhost rtkit-daemon[2152]: Successfully demoted thread 2147 of process 2147 (n/a).
Sep 27 06:48:59 localhost rtkit-daemon[2152]: Demoted 1 threads.
Sep 27 06:49:01 localhost CRON[41212]: (root) CMD (test -x /usr/sbin/anacron || ( cd / && run-parts --report /etc/cron.weekly ))
Sep 27 09:05:00 localhost systemd[1]: Time has been changed
Sep 27 09:05:00 localhost systemd[1561]: Time has been changed
Sep 27 09:05:26 localhost CRON[41226]: (root) CMD (test -x /etc/init.d/anacron && /usr/sbin/invoke-rc.d anacron start >/dev/null)
Sep 27 09:25:32 localhost systemd[1]: Time has been changed
Sep 27 09:25:32 localhost systemd[1561]: Time has been changed
Sep 27 09:26:56 localhost systemd[1]: dev-disk-by\x2duuid-93f15e36\x2dae68\x2d43e7\x2d9951\x2daa471315d749.device: Job dev-disk-by\x2duuid-93f15e36\x2dae68\x2d43e7\x2d9951\x2daa471315d749.device/start timed out.
Sep 27 09:26:56 localhost systemd[1]: Timed out waiting for device dev-disk-by\x2duuid-93f15e36\x2dae68\x2d43e7\x2d9951\x2daa471315d749.device.
Sep 27 09:26:56 localhost systemd[1]: Dependency failed for /dev/disk/by-uuid/93f15e36-ae68-43e7-9951-aa471315d749.
Sep 27 09:26:56 localhost systemd[1]: dev-disk-by\x2duuid-93f15e36\x2dae68\x2d43e7\x2d9951\x2daa471315d749.swap: Job dev-disk-by\x2duuid-93f15e36\x2dae68\x2d43e7\x2d9951\x2daa471315d749.swap/start failed with result 'dependency'.
Sep 27 09:26:56 localhost systemd[1]: dev-disk-by\x2duuid-93f15e36\x2dae68\x2d43e7\x2d9951\x2daa471315d749.device: Job dev-disk-by\x2duuid-93f15e36\x2dae68\x2d43e7\x2d9951\x2daa471315d749.device/start failed with result 'timeout'.
Sep 27 10:11:56 localhost systemd[1]: Time has been changed
Sep 27 10:11:56 localhost systemd[1561]: Time has been changed
Sep 27 10:32:54 localhost systemd[1]: Time has been changed
Sep 27 10:32:54 localhost systemd[1561]: Time has been changed
Sep 27 10:32:55 localhost systemd[1]: Time has been changed
Sep 27 10:32:55 localhost systemd[1561]: Time has been changed
Sep 27 10:33:04 localhost freshclam[1023]: Sun Sep 27 10:33:04 2020 -> Received signal: wake up
Sep 27 10:33:04 localhost freshclam[1023]: Sun Sep 27 10:33:04 2020 -> ClamAV update process started at Sun Sep 27 10:33:04 2020
Sep 27 10:33:04 localhost freshclam[1023]: Sun Sep 27 10:33:04 2020 -> main.cld is up to date (version: 59, sigs: 4564902, f-level: 60, builder: sigmgr)
Sep 27 10:33:13 localhost freshclam[1023]: Sun Sep 27 10:33:13 2020 -> Downloading daily-25934.cdiff [100%]
Sep 27 10:33:13 localhost freshclam[1023]: Sun Sep 27 10:33:13 2020 -> Downloading daily-25935.cdiff [100%]
Sep 27 10:33:14 localhost freshclam[1023]: Sun Sep 27 10:33:14 2020 -> Downloading daily-25936.cdiff [100%]
Sep 27 10:33:14 localhost freshclam[1023]: Sun Sep 27 10:33:14 2020 -> Downloading daily-25937.cdiff [100%]
Sep 27 10:33:14 localhost freshclam[1023]: Sun Sep 27 10:33:14 2020 -> Downloading daily-25938.cdiff [100%]
Sep 27 10:33:14 localhost freshclam[1023]: Sun Sep 27 10:33:14 2020 -> Downloading daily-25939.cdiff [100%]
Sep 27 10:33:36 localhost kernel: [25858.186386] firefox invoked oom-killer: gfp_mask=0x24201ca, order=0, oom_score_adj=0
Sep 27 10:33:37 localhost kernel: [25858.186388] firefox cpuset=/ mems_allowed=0
Sep 27 10:33:37 localhost kernel: [25858.186393] CPU: 0 PID: 38456 Comm: firefox Not tainted 4.4.0-131-generic #157-Ubuntu
Sep 27 10:33:37 localhost kernel: [25858.186394] Hardware name: VMware, Inc. VMware Virtual Platform/440BX Desktop Reference Platform, BIOS 6.00 07/29/2019
Sep 27 10:33:37 localhost kernel: [25858.186395]  0000000000000286 8fdb54fb9b1ab7f0 ffff8800027739e8 ffffffff81401c43
